Archive member included because of file (symbol)

./../Platform/BSP/debug/libBSP_efm32_debug.a(BSP_LED.o)
                              C:/Users/ander/XDK-Workspace/AccelerometerTest/debug/objects/source/SystemStartup.o (BSP_LED_Connect)
./../Platform/BSP/debug/libBSP_efm32_debug.a(BSP_Adc.o)
                              C:/Users/ander/XDK-Workspace/AccelerometerTest/debug/objects/source/AdcCentral.o (BSP_Adc_Connect)
./../Platform/BSP/debug/libBSP_efm32_debug.a(BSP_Board.o)
                              C:/Users/ander/XDK-Workspace/AccelerometerTest/debug/objects/source/SystemStartup.o (BSP_Board_OSTickInitialize)
./../Platform/BSP/debug/libBSP_efm32_debug.a(BSP_USB.o)
                              ./../Platform/BSP/debug/libBSP_efm32_debug.a(BSP_Board.o) (USB_init)
./../Platform/BSP/debug/libBSP_efm32_debug.a(BSP_Charger_BQ2407X.o)
                              C:/Users/ander/XDK-Workspace/AccelerometerTest/debug/objects/source/BatteryMonitor.o (BSP_Charger_BQ2407X_Connect)
./../Platform/BSP/debug/libBSP_efm32_debug.a(BSP_Mic_AKU340.o)
                              C:/Users/ander/XDK-Workspace/AccelerometerTest/debug/objects/source/Sensor/NoiseSensor.o (BSP_Mic_AKU340_Connect)
./../Platform/BSP/debug/libBSP_efm32_debug.a(BSP_LemSensor.o)
                              C:/Users/ander/XDK-Workspace/AccelerometerTest/debug/objects/source/Sensor/Lem.o (BSP_LemSensor_Connect)
./../Platform/BSP/debug/libBSP_efm32_debug.a(BSP_DMA.o)
                              ./../Platform/BSP/debug/libBSP_efm32_debug.a(BSP_Board.o) (BSP_DMA_Initialize)
./../Platform/BSP/debug/libBSP_efm32_debug.a(BSP_IrqHandler.o)
                              ./../Platform/BSP/debug/libBSP_efm32_debug.a(BSP_Board.o) (IrqHandler_SysTickDummyHandler)
./../Platform/BSP/debug/libBSP_efm32_debug.a(BSP_ExtensionPort.o)
                              ./../Platform/BSP/debug/libBSP_efm32_debug.a(BSP_LemSensor.o) (BSP_ExtensionPort_ConnectGpio)
./../Platform/BSP/debug/libBSP_efm32_debug.a(BSP_WiFi_cc3100mod.o)
                              ./../Platform/BSP/debug/libBSP_efm32_debug.a(BSP_IrqHandler.o) (WiFi_CC3100MOD_SPIRxISR)
./../Platform/BSP/debug/libBSP_efm32_debug.a(BSP_BT_EM9301.o)
                              ./../Platform/BSP/debug/libBSP_efm32_debug.a(BSP_IrqHandler.o) (BT_EM9301_UART_TxISR)
./../Platform/BSP/debug/libBSP_efm32_debug.a(BSP_SensorNode.o)
                              ./../Platform/BSP/debug/libBSP_efm32_debug.a(BSP_IrqHandler.o) (SensorNode_I2CISR)
./../Platform/BSP/debug/libBSP_efm32_debug.a(BSP_SDCard.o)
                              ./../Platform/BSP/debug/libBSP_efm32_debug.a(BSP_IrqHandler.o) (SDCard_SPIRxISR)
./../Libraries/FreeRTOS/debug/libFreeRTOS_efm32_debug.a(queue.o)
                              C:/Users/ander/XDK-Workspace/AccelerometerTest/debug/objects/source/ExtensionPortSpi.o (xQueueGenericCreate)
./../Libraries/FreeRTOS/debug/libFreeRTOS_efm32_debug.a(tasks.o)
                              C:/Users/ander/XDK-Workspace/AccelerometerTest/debug/objects/AppController.o (xTaskCreate)
./../Libraries/FreeRTOS/debug/libFreeRTOS_efm32_debug.a(timers.o)
                              ./../Libraries/FreeRTOS/debug/libFreeRTOS_efm32_debug.a(tasks.o) (xTimerCreateTimerTask)
./../Libraries/FreeRTOS/debug/libFreeRTOS_efm32_debug.a(heap_4.o)
                              ./../Libraries/FreeRTOS/debug/libFreeRTOS_efm32_debug.a(queue.o) (pvPortMalloc)
./../Libraries/FreeRTOS/debug/libFreeRTOS_efm32_debug.a(port.o)
                              ./../Libraries/FreeRTOS/debug/libFreeRTOS_efm32_debug.a(tasks.o) (pxPortInitialiseStack)
./../Libraries/FreeRTOS/debug/libFreeRTOS_efm32_debug.a(list.o)
                              ./../Libraries/FreeRTOS/debug/libFreeRTOS_efm32_debug.a(queue.o) (vListInitialise)
./../Libraries/EMlib/debug/libEMLib_efm32_debug.a(em_cmu.o)
                              ./../Platform/BSP/debug/libBSP_efm32_debug.a(BSP_Board.o) (CMU_ClockDivSet)
./../Libraries/EMlib/debug/libEMLib_efm32_debug.a(em_system.o)
                              ./../Platform/BSP/debug/libBSP_efm32_debug.a(BSP_Board.o) (SYSTEM_ChipRevisionGet)
./../Libraries/EMlib/debug/libEMLib_efm32_debug.a(em_dma.o)
                              C:/Users/ander/XDK-Workspace/AccelerometerTest/debug/objects/source/Adc/Mcu_Adc.o (DMA_ActivateBasic)
./../Libraries/EMlib/debug/libEMLib_efm32_debug.a(em_int.o)
                              C:/Users/ander/XDK-Workspace/AccelerometerTest/debug/objects/./../Libraries/EMlib/3rd-party/EMLib/usb/src/em_usbdint.o (INT_LockCnt)
./../Libraries/EMlib/debug/libEMLib_efm32_debug.a(em_msc.o)
                              ./../Platform/BSP/debug/libBSP_efm32_debug.a(BSP_Board.o) (MSC_Init)
./../Libraries/EMlib/debug/libEMLib_efm32_debug.a(em_timer.o)
                              C:/Users/ander/XDK-Workspace/AccelerometerTest/debug/objects/source/Adc/Mcu_Adc.o (TIMER_Init)
./../Libraries/EMlib/debug/libEMLib_efm32_debug.a(em_usart.o)
[...]
Memory Configuration

Name             Origin             Length             Attributes
FLASH            0x00010000         0x000f0000         xr
RAM              0x20000000         0x0001fffc         xrw
COMMONRAM        0x2001fffc         0x00000004         xrw
*default*        0x00000000         0xffffffff

Linker script and memory map

LOAD c:/xdk-workbench/xdk/armgcc/bin/../lib/gcc/arm-none-eabi/4.7.4/armv7-m/crti.o
LOAD c:/xdk-workbench/xdk/armgcc/bin/../lib/gcc/arm-none-eabi/4.7.4/armv7-m/crtbegin.o
LOAD c:/xdk-workbench/xdk/armgcc/bin/../lib/gcc/arm-none-eabi/4.7.4/../../../../arm-none-eabi/lib/armv7-m/crt0.o
LOAD C:/Users/ander/XDK-Workspace/AccelerometerTest/debug/objects/source/ExtensionPortSpi.o
LOAD C:/Users/ander/XDK-Workspace/AccelerometerTest/debug/objects/source/Assert.o
LOAD C:/Users/ander/XDK-Workspace/AccelerometerTest/debug/objects/source/AdcCentral.o
LOAD C:/Users/ander/XDK-Workspace/AccelerometerTest/debug/objects/source/cJSON.o
LOAD C:/Users/ander/XDK-Workspace/AccelerometerTest/debug/objects/source/RetargetStdio.o
LOAD C:/Users/ander/XDK-Workspace/AccelerometerTest/debug/objects/source/FaultHandler.o
LOAD C:/Users/ander/XDK-Workspace/AccelerometerTest/debug/objects/source/UsbResetUtility.o
LOAD C:/Users/ander/XDK-Workspace/AccelerometerTest/debug/objects/source/BatteryMonitor.o
LOAD C:/Users/ander/XDK-Workspace/AccelerometerTest/debug/objects/source/SystemStartup.o
LOAD C:/Users/ander/XDK-Workspace/AccelerometerTest/debug/objects/source/XdkVersion.o
LOAD C:/Users/ander/XDK-Workspace/AccelerometerTest/debug/objects/legacy/source/WlanConnect.o
LOAD C:/Users/ander/XDK-Workspace/AccelerometerTest/debug/objects/legacy/source/NetworkConfig.o
LOAD C:/Users/ander/XDK-Workspace/AccelerometerTest/debug/objects/legacy/source/ServalPAL_WiFi.o
LOAD C:/Users/ander/XDK-Workspace/AccelerometerTest/debug/objects/source/Adc/Mcu_Adc.o
LOAD C:/Users/ander/XDK-Workspace/AccelerometerTest/debug/objects/source/Connectivity/WLANHostPgm.o
LOAD C:/Users/ander/XDK-Workspace/AccelerometerTest/debug/objects/source/Connectivity/LED.o
LOAD C:/Users/ander/XDK-Workspace/AccelerometerTest/debug/objects/source/Connectivity/MQTT.o
LOAD C:/Users/ander/XDK-Workspace/AccelerometerTest/debug/objects/source/Connectivity/HTTPRestClientSecurity.o
LOAD C:/Users/ander/XDK-Workspace/AccelerometerTest/debug/objects/source/Connectivity/HTTPRestClient.o
LOAD C:/Users/ander/XDK-Workspace/AccelerometerTest/debug/objects/source/Connectivity/UDP.o
LOAD C:/Users/ander/XDK-Workspace/AccelerometerTest/debug/objects/source/Connectivity/WLAN.o
LOAD C:/Users/ander/XDK-Workspace/AccelerometerTest/debug/objects/source/Connectivity/Lora.o
LOAD C:/Users/ander/XDK-Workspace/AccelerometerTest/debug/objects/source/Sensor/Button.o
LOAD C:/Users/ander/XDK-Workspace/AccelerometerTest/debug/objects/source/Sensor/ExternalSensor.o
LOAD C:/Users/ander/XDK-Workspace/AccelerometerTest/debug/objects/source/Sensor/SensorHandle.o
LOAD C:/Users/ander/XDK-Workspace/AccelerometerTest/debug/objects/source/Sensor/Lem.o
LOAD C:/Users/ander/XDK-Workspace/AccelerometerTest/debug/objects/source/Sensor/Sensor.o
LOAD C:/Users/ander/XDK-Workspace/AccelerometerTest/debug/objects/source/Sensor/VirtualSensor.o
LOAD C:/Users/ander/XDK-Workspace/AccelerometerTest/debug/objects/source/Sensor/NoiseSensor.o
LOAD C:/Users/ander/XDK-Workspace/AccelerometerTest/debug/objects/source/Utility/Storage.o
LOAD C:/Users/ander/XDK-Workspace/AccelerometerTest/debug/objects/source/Utility/SNTP.o
LOAD C:/Users/ander/XDK-Workspace/AccelerometerTest/debug/objects/source/Utility/PPMPSerializer.o
LOAD C:/Users/ander/XDK-Workspace/AccelerometerTest/debug/objects/source/Utility/WifiStorage.o
LOAD C:/Users/ander/XDK-Workspace/AccelerometerTest/debug/objects/source/Utility/TimeStamp.o
LOAD C:/Users/ander/XDK-Workspace/AccelerometerTest/debug/objects/source/Utility/Utils.o
LOAD C:/Users/ander/XDK-Workspace/AccelerometerTest/debug/objects/source/Utility/ServalPAL.o
LOAD C:/Users/ander/XDK-Workspace/AccelerometerTest/debug/objects/source/Utility/FOTA.o
LOAD C:/Users/ander/XDK-Workspace/AccelerometerTest/debug/objects/source/Utility/CayenneLPPSerializer.o
LOAD C:/Users/ander/XDK-Workspace/AccelerometerTest/debug/objects/source/Connectivity/BLE/BleDeviceInfoService.o
LOAD C:/Users/ander/XDK-Workspace/AccelerometerTest/debug/objects/source/Connectivity/BLE/SensorServices.o
LOAD C:/Users/ander/XDK-Workspace/AccelerometerTest/debug/objects/source/Connectivity/BLE/BLE.o
LOAD C:/Users/ander/XDK-Workspace/AccelerometerTest/debug/objects/source/Connectivity/BLE/GridEyeService.o
LOAD C:/Users/ander/XDK-Workspace/AccelerometerTest/debug/objects/source/Private/ServalStack/src/TLS_MbedTLS/MbedTLS_Flags.o
LOAD C:/Users/ander/XDK-Workspace/AccelerometerTest/debug/objects/source/Private/ServalStack/src/TLS_MbedTLS/MbedTLS_Tls.o
LOAD C:/Users/ander/XDK-Workspace/AccelerometerTest/debug/objects/source/Private/ServalStack/src/TLS_MbedTLS/MbedTLS_DtlsServer.o
LOAD C:/Users/ander/XDK-Workspace/AccelerometerTest/debug/objects/source/Private/ServalStack/src/TLS_MbedTLS/MbedTLS_TlsAdapter.o
LOAD C:/Users/ander/XDK-Workspace/AccelerometerTest/debug/objects/source/Private/ServalStack/src/TLS_MbedTLS/MbedTLS_Adapter.o
LOAD C:/Users/ander/XDK-Workspace/AccelerometerTest/debug/objects/source/Private/ServalStack/src/TLS_MbedTLS/MbedTLS_Connection.o
LOAD C:/Users/ander/XDK-Workspace/AccelerometerTest/debug/objects/source/Private/ServalStack/src/TLS_MbedTLS/MbedTLS_Dtls.o
LOAD C:/Users/ander/XDK-Workspace/AccelerometerTest/debug/objects/source/Private/ServalStack/src/TLS_MbedTLS/MbedTLS_Socket.o
LOAD C:/Users/ander/XDK-Workspace/AccelerometerTest/debug/objects/source/Private/ServalStack/src/TLS_MbedTLS/MbedTLS_DtlsClient.o
LOAD C:/Users/ander/XDK-Workspace/AccelerometerTest/debug/objects/source/Private/ServalStack/src/TLS_MbedTLS/MbedTLS_Credentials.o
LOAD C:/Users/ander/XDK-Workspace/AccelerometerTest/debug/objects/./../Libraries/EMlib/3rd-party/EMLib/usb/src/em_usbdint.o
LOAD C:/Users/ander/XDK-Workspace/AccelerometerTest/debug/objects/AppController.o
LOAD C:/Users/ander/XDK-Workspace/AccelerometerTest/debug/objects/Main.o
LOAD C:/Users/ander/XDK-Workspace/AccelerometerTest/debug/objects/startup_efm32gg.o
START GROUP
LOAD ./../Platform/BSP/debug/libBSP_efm32_debug.a
LOAD ./../Libraries/FreeRTOS/debug/libFreeRTOS_efm32_debug.a
LOAD ./../Libraries/EMlib/debug/libEMLib_efm32_debug.a
LOAD ./../Platform/Sensors/debug/libSensors_efm32_debug.a
LOAD ./../Platform/SensorUtils/debug/libSensorUtils_efm32_debug.a
LOAD ./../Libraries/BSTLib/debug/libBSTLib_efm32_debug.a
LOAD ./../Libraries/WiFi/debug/libWiFi_efm32_debug.a
LOAD ./../Libraries/ServalStack/debug/libServalStack_efm32_debug.a
LOAD ./../Platform/LoRaDrivers/release/libLoRaDrivers_efm32.a
LOAD ./../Platform/Essentials/release/libEssentials_efm32.a
LOAD ./../Platform/Utils/release/libUtils_efm32.a
LOAD ./../Platform/Drivers/release/libDrivers_efm32.a
LOAD ./../Platform/FOTA/release/libFOTA_efm32.a
LOAD ./../Platform/Wlan/release/libWlan_efm32.a
LOAD ./../Platform/BLE/release/libBLE_efm32.a
LOAD ./../Platform/ServalPAL/release/libServalPal_efm32.a
LOAD ./../Platform/SensorToolbox/release/libSensorToolbox_efm32.a
LOAD ./../Libraries/BLEStack/3rd-party/Alpwise/ALPW-BLESDKCM3/BLESW_AlertNotification/Libraries/BLESW_ANP_Server_CM3.a
LOAD ./../Libraries/BLEStack/3rd-party/Alpwise/ALPW-BLESDKCM3/BLESW_AlertNotification/Libraries/BLESW_ANP_Client_CM3.a
LOAD ./../Libraries/BLEStack/3rd-party/Alpwise/ALPW-BLESDKCM3/BLESW_ALPWDataExchange/Libraries/BLESW_ALPWDEP_Server_CM3.a
LOAD ./../Libraries/BLEStack/3rd-party/Alpwise/ALPW-BLESDKCM3/BLESW_ALPWDataExchange/Libraries/BLESW_ALPWDEP_Client_CM3.a
LOAD ./../Libraries/BLEStack/3rd-party/Alpwise/ALPW-BLESDKCM3/BLESW_AppleNotificationCenter/Libraries/BLESW_ANCP_Consumer_CM3.a
LOAD ./../Libraries/BLEStack/3rd-party/Alpwise/ALPW-BLESDKCM3/BLESW_BloodPressure/Libraries/BLESW_BLP_Sensor_CM3.a
LOAD ./../Libraries/BLEStack/3rd-party/Alpwise/ALPW-BLESDKCM3/BLESW_BloodPressure/Libraries/BLESW_BLP_Collector_CM3.a
LOAD ./../Libraries/BLEStack/3rd-party/Alpwise/ALPW-BLESDKCM3/BLESW_CoreStack/Libraries/BLESW_CPS_CM3.a
LOAD ./../Libraries/BLEStack/3rd-party/Alpwise/ALPW-BLESDKCM3/BLESW_CoreStack/Libraries/BLESW_CoreStack_CM3.a
LOAD ./../Libraries/BLEStack/3rd-party/Alpwise/ALPW-BLESDKCM3/BLESW_CoreStack/Libraries/BLESW_CSCS_CM3.a
LOAD ./../Libraries/BLEStack/3rd-party/Alpwise/ALPW-BLESDKCM3/BLESW_CoreStack/Libraries/BLESW_RTUS_CM3.a
LOAD ./../Libraries/BLEStack/3rd-party/Alpwise/ALPW-BLESDKCM3/BLESW_CoreStack/Libraries/BLESW_HRS_CM3.a
LOAD ./../Libraries/BLEStack/3rd-party/Alpwise/ALPW-BLESDKCM3/BLESW_CoreStack/Libraries/BLESW_CTS_CM3.a
LOAD ./../Libraries/BLEStack/3rd-party/Alpwise/ALPW-BLESDKCM3/BLESW_CoreStack/Libraries/BLESW_CoreStack_Monitor_CM3.a
LOAD ./../Libraries/BLEStack/3rd-party/Alpwise/ALPW-BLESDKCM3/BLESW_CoreStack/Libraries/BLESW_UDS_CM3.a
LOAD ./../Libraries/BLEStack/3rd-party/Alpwise/ALPW-BLESDKCM3/BLESW_CoreStack/Libraries/BLESW_NDCS_CM3.a
LOAD ./../Libraries/BLEStack/3rd-party/Alpwise/ALPW-BLESDKCM3/BLESW_CoreStack/Libraries/BLESW_TPS_CM3.a
LOAD ./../Libraries/BLEStack/3rd-party/Alpwise/ALPW-BLESDKCM3/BLESW_CoreStack/Libraries/BLESW_BLS_CM3.a
LOAD ./../Libraries/BLEStack/3rd-party/Alpwise/ALPW-BLESDKCM3/BLESW_CoreStack/Libraries/BLESW_LNS_CM3.a
LOAD ./../Libraries/BLEStack/3rd-party/Alpwise/ALPW-BLESDKCM3/BLESW_CoreStack/Libraries/BLESW_LLS_CM3.a
LOAD ./../Libraries/BLEStack/3rd-party/Alpwise/ALPW-BLESDKCM3/BLESW_CoreStack/Libraries/BLESW_WSS_CM3.a
LOAD ./../Libraries/BLEStack/3rd-party/Alpwise/ALPW-BLESDKCM3/BLESW_CoreStack/Libraries/BLESW_RSCS_CM3.a
LOAD ./../Libraries/BLEStack/3rd-party/Alpwise/ALPW-BLESDKCM3/BLESW_CoreStack/Libraries/BLESW_BAS_CM3.a
LOAD ./../Libraries/BLEStack/3rd-party/Alpwise/ALPW-BLESDKCM3/BLESW_CoreStack/Libraries/BLESW_IAS_CM3.a
LOAD ./../Libraries/BLEStack/3rd-party/Alpwise/ALPW-BLESDKCM3/BLESW_CoreStack/Libraries/BLESW_PASS_CM3.a
LOAD ./../Libraries/BLEStack/3rd-party/Alpwise/ALPW-BLESDKCM3/BLESW_CoreStack/Libraries/BLESW_HTS_CM3.a
LOAD ./../Libraries/BLEStack/3rd-party/Alpwise/ALPW-BLESDKCM3/BLESW_CoreStack/Libraries/BLESW_ALPWDES_CM3.a
LOAD ./../Libraries/BLEStack/3rd-party/Alpwise/ALPW-BLESDKCM3/BLESW_CoreStack/Libraries/BLESW_BCS_CM3.a
LOAD ./../Libraries/BLEStack/3rd-party/Alpwise/ALPW-BLESDKCM3/BLESW_CoreStack/Libraries/BLESW_ANS_CM3.a
LOAD ./../Libraries/BLEStack/3rd-party/Alpwise/ALPW-BLESDKCM3/BLESW_CoreStack/Libraries/BLESW_HIDS_CM3.a
LOAD ./../Libraries/BLEStack/3rd-party/Alpwise/ALPW-BLESDKCM3/BLESW_CoreStack/Libraries/BLESW_GLS_CM3.a
LOAD ./../Libraries/BLEStack/3rd-party/Alpwise/ALPW-BLESDKCM3/BLESW_CoreStack/Libraries/BLESW_NWAS_CM3.a
LOAD ./../Libraries/BLEStack/3rd-party/Alpwise/ALPW-BLESDKCM3/BLESW_CoreStack/Libraries/BLESW_DIS_CM3.a
LOAD ./../Libraries/BLEStack/3rd-party/Alpwise/ALPW-BLESDKCM3/BLESW_CyclingPower/Libraries/BLESW_CPP_Sensor_CM3.a
LOAD ./../Libraries/BLEStack/3rd-party/Alpwise/ALPW-BLESDKCM3/BLESW_CyclingPower/Libraries/BLESW_CPP_Collector_CM3.a
LOAD ./../Libraries/BLEStack/3rd-party/Alpwise/ALPW-BLESDKCM3/BLESW_CyclingSpeedAndCadence/Libraries/BLESW_CSCP_Sensor_CM3.a
LOAD ./../Libraries/BLEStack/3rd-party/Alpwise/ALPW-BLESDKCM3/BLESW_CyclingSpeedAndCadence/Libraries/BLESW_CSCP_Collector_CM3.a
LOAD ./../Libraries/BLEStack/3rd-party/Alpwise/ALPW-BLESDKCM3/BLESW_FindMe/Libraries/BLESW_FMP_Target_CM3.a
LOAD ./../Libraries/BLEStack/3rd-party/Alpwise/ALPW-BLESDKCM3/BLESW_FindMe/Libraries/BLESW_FMP_Locator_CM3.a
LOAD ./../Libraries/BLEStack/3rd-party/Alpwise/ALPW-BLESDKCM3/BLESW_Glucose/Libraries/BLESW_GLP_Sensor_CM3.a
LOAD ./../Libraries/BLEStack/3rd-party/Alpwise/ALPW-BLESDKCM3/BLESW_Glucose/Libraries/BLESW_GLP_Collector_CM3.a
LOAD ./../Libraries/BLEStack/3rd-party/Alpwise/ALPW-BLESDKCM3/BLESW_HealthThermometer/Libraries/BLESW_HTP_Thermometer_CM3.a
LOAD ./../Libraries/BLEStack/3rd-party/Alpwise/ALPW-BLESDKCM3/BLESW_HealthThermometer/Libraries/BLESW_HTP_Collector_CM3.a
LOAD ./../Libraries/BLEStack/3rd-party/Alpwise/ALPW-BLESDKCM3/BLESW_HeartRate/Libraries/BLESW_HRP_Sensor_CM3.a
LOAD ./../Libraries/BLEStack/3rd-party/Alpwise/ALPW-BLESDKCM3/BLESW_HeartRate/Libraries/BLESW_HRP_Collector_CM3.a
LOAD ./../Libraries/BLEStack/3rd-party/Alpwise/ALPW-BLESDKCM3/BLESW_HumanInterfaceDevice/Libraries/BLESW_HID_Device_CM3.a
LOAD ./../Libraries/BLEStack/3rd-party/Alpwise/ALPW-BLESDKCM3/BLESW_HumanInterfaceDevice/Libraries/BLESW_HID_Host_CM3.a
LOAD ./../Libraries/BLEStack/3rd-party/Alpwise/ALPW-BLESDKCM3/BLESW_iBeacon/Libraries/BLESW_IBN_Reporter_CM3.a
LOAD ./../Libraries/BLEStack/3rd-party/Alpwise/ALPW-BLESDKCM3/BLESW_LocationAndNavigation/Libraries/BLESW_LNP_Sensor_CM3.a
LOAD ./../Libraries/BLEStack/3rd-party/Alpwise/ALPW-BLESDKCM3/BLESW_LocationAndNavigation/Libraries/BLESW_LNP_Collector_CM3.a
LOAD ./../Libraries/BLEStack/3rd-party/Alpwise/ALPW-BLESDKCM3/BLESW_NetworkAvailability/Libraries/BLESW_NWAP_Monitor_CM3.a
LOAD ./../Libraries/BLEStack/3rd-party/Alpwise/ALPW-BLESDKCM3/BLESW_NetworkAvailability/Libraries/BLESW_NWAP_Reporter_CM3.a
LOAD ./../Libraries/BLEStack/3rd-party/Alpwise/ALPW-BLESDKCM3/BLESW_PhoneAlertStatus/Libraries/BLESW_PASP_Client_CM3.a
LOAD ./../Libraries/BLEStack/3rd-party/Alpwise/ALPW-BLESDKCM3/BLESW_PhoneAlertStatus/Libraries/BLESW_PASP_Server_CM3.a
LOAD ./../Libraries/BLEStack/3rd-party/Alpwise/ALPW-BLESDKCM3/BLESW_Proximity/Libraries/BLESW_PXP_Reporter_CM3.a
LOAD ./../Libraries/BLEStack/3rd-party/Alpwise/ALPW-BLESDKCM3/BLESW_Proximity/Libraries/BLESW_PXP_Monitor_CM3.a
LOAD ./../Libraries/BLEStack/3rd-party/Alpwise/ALPW-BLESDKCM3/BLESW_RunningSpeedAndCadence/Libraries/BLESW_RSCP_Sensor_CM3.a
LOAD ./../Libraries/BLEStack/3rd-party/Alpwise/ALPW-BLESDKCM3/BLESW_RunningSpeedAndCadence/Libraries/BLESW_RSCP_Collector_CM3.a
LOAD ./../Libraries/BLEStack/3rd-party/Alpwise/ALPW-BLESDKCM3/BLESW_Time/Libraries/BLESW_TIP_Server_CM3.a
LOAD ./../Libraries/BLEStack/3rd-party/Alpwise/ALPW-BLESDKCM3/BLESW_Time/Libraries/BLESW_TIP_Client_CM3.a
LOAD ./../Libraries/EMlib/3rd-party/EMLib/CMSIS/Lib/GCC/libarm_cortexM3l_math.a
LOAD ./../Libraries/BSX/BSX4/Source/algo/algo_bsx/Lib/libalgobsxm3/libalgobsx.a
END GROUP
START GROUP
LOAD c:/xdk-workbench/xdk/armgcc/bin/../lib/gcc/arm-none-eabi/4.7.4/armv7-m\libgcc.a
LOAD c:/xdk-workbench/xdk/armgcc/bin/../lib/gcc/arm-none-eabi/4.7.4/../../../../arm-none-eabi/lib/armv7-m\libc.a
LOAD c:/xdk-workbench/xdk/armgcc/bin/../lib/gcc/arm-none-eabi/4.7.4/../../../../arm-none-eabi/lib/armv7-m\libm.a
END GROUP
START GROUP
LOAD c:/xdk-workbench/xdk/armgcc/bin/../lib/gcc/arm-none-eabi/4.7.4/armv7-m\libgcc.a
LOAD c:/xdk-workbench/xdk/armgcc/bin/../lib/gcc/arm-none-eabi/4.7.4/../../../../arm-none-eabi/lib/armv7-m\libc.a
END GROUP
LOAD c:/xdk-workbench/xdk/armgcc/bin/../lib/gcc/arm-none-eabi/4.7.4/armv7-m/crtend.o
LOAD c:/xdk-workbench/xdk/armgcc/bin/../lib/gcc/arm-none-eabi/4.7.4/armv7-m/crtn.o

.text           0x00010000    0x3b5fc
 *(.isr_vector)
 .isr_vector    0x00010000      0x100 C:/Users/ander/XDK-Workspace/AccelerometerTest/debug/objects/startup_efm32gg.o
                0x00010000                __isr_vector
 *(.text*)
 .text          0x00010100       0x54 c:/xdk-workbench/xdk/armgcc/bin/../lib/gcc/arm-none-eabi/4.7.4/armv7-m/crtbegin.o
 .text          0x00010154       0x70 c:/xdk-workbench/xdk/armgcc/bin/../lib/gcc/arm-none-eabi/4.7.4/../../../../arm-none-eabi/lib/armv7-m/crt0.o
                0x00010154                _start
                0x00010154                start
                0x00010154                _mainCRTStartup
 .text.Assert_Initialize
                0x000101c4       0x40 C:/Users/ander/XDK-Workspace/AccelerometerTest/debug/objects/source/Assert.o
                0x000101c4                Assert_Initialize
 .text.Assert_Dynamic
                0x00010204       0x2c C:/Users/ander/XDK-Workspace/AccelerometerTest/debug/objects/source/Assert.o
                0x00010204                Assert_Dynamic
 .text.IsChannelAlreadyActivated
                0x00010230       0x70 C:/Users/ander/XDK-Workspace/AccelerometerTest/debug/objects/source/AdcCentral.o
 .text.findScanChannelsInfo
                0x000102a0       0x90 C:/Users/ander/XDK-Workspace/AccelerometerTest/debug/objects/source/AdcCentral.o
 .text.AdcIRQCallback
                0x00010330      0x13c C:/Users/ander/XDK-Workspace/AccelerometerTest/debug/objects/source/AdcCentral.o
                0x00010330                AdcIRQCallback
 .text.receiveProcess
                0x0001046c      0x808 C:/Users/ander/XDK-Workspace/AccelerometerTest/debug/objects/source/AdcCentral.o
 .text.AdcCentral_Init
                0x00010c74      0x130 C:/Users/ander/XDK-Workspace/AccelerometerTest/debug/objects/source/AdcCentral.o
                0x00010c74                AdcCentral_Init
 .text.AdcCentral_StartScan
                0x00010da4      0x2c0 C:/Users/ander/XDK-Workspace/AccelerometerTest/debug/objects/source/AdcCentral.o
                0x00010da4                AdcCentral_StartScan
 .text._close   0x00011064       0x18 C:/Users/ander/XDK-Workspace/AccelerometerTest/debug/objects/source/RetargetStdio.o
                0x00011064                _close
 .text._exit    0x0001107c        0xc C:/Users/ander/XDK-Workspace/AccelerometerTest/debug/objects/source/RetargetStdio.o
                0x0001107c                _exit
 .text._fstat   0x00011088       0x24 C:/Users/ander/XDK-Workspace/AccelerometerTest/debug/objects/source/RetargetStdio.o
                0x00011088                _fstat
 .text._isatty  0x000110ac       0x18 C:/Users/ander/XDK-Workspace/AccelerometerTest/debug/objects/source/RetargetStdio.o
                0x000110ac                _isatty
 .text._lseek   0x000110c4       0x1c C:/Users/ander/XDK-Workspace/AccelerometerTest/debug/objects/source/RetargetStdio.o
                0x000110c4                _lseek
 .text._read    0x000110e0       0x70 C:/Users/ander/XDK-Workspace/AccelerometerTest/debug/objects/source/RetargetStdio.o
                0x000110e0                _read
 .text._sbrk    0x00011150       0xa0 C:/Users/ander/XDK-Workspace/AccelerometerTest/debug/objects/source/RetargetStdio.o
                0x00011150                _sbrk
 .text._write   0x000111f0       0x20 C:/Users/ander/XDK-Workspace/AccelerometerTest/debug/objects/source/RetargetStdio.o
                0x000111f0                _write
 .text.HardFault_Handler
                0x00011210       0x18 C:/Users/ander/XDK-Workspace/AccelerometerTest/debug/objects/source/FaultHandler.o
                0x00011210                HardFault_Handler
 .text.UsageFault_Handler
                0x00011228       0x18 C:/Users/ander/XDK-Workspace/AccelerometerTest/debug/objects/source/FaultHandler.o
                0x00011228                UsageFault_Handler
 .text.BusFault_Handler
                0x00011240       0x18 C:/Users/ander/XDK-Workspace/AccelerometerTest/debug/objects/source/FaultHandler.o
                0x00011240                BusFault_Handler
 .text.MemManage_Handler
                0x00011258       0x18 C:/Users/ander/XDK-Workspace/AccelerometerTest/debug/objects/source/FaultHandler.o
                0x00011258                MemManage_Handler
 .text.Hard_Fault_Handler
                0x00011270       0x18 C:/Users/ander/XDK-Workspace/AccelerometerTest/debug/objects/source/FaultHandler.o
                0x00011270                Hard_Fault_Handler
 .text.Usage_Fault_Handler
                0x00011288       0x18 C:/Users/ander/XDK-Workspace/AccelerometerTest/debug/objects/source/FaultHandler.o
                0x00011288                Usage_Fault_Handler
 .text.Bus_Fault_Handler
                0x000112a0       0x18 C:/Users/ander/XDK-Workspace/AccelerometerTest/debug/objects/source/FaultHandler.o
                0x000112a0                Bus_Fault_Handler
 .text.Mem_Fault_Handler
                0x000112b8       0x18 C:/Users/ander/XDK-Workspace/AccelerometerTest/debug/objects/source/FaultHandler.o
                0x000112b8                Mem_Fault_Handler
 .text.extractFaultInfo
                0x000112d0      0x248 C:/Users/ander/XDK-Workspace/AccelerometerTest/debug/objects/source/FaultHandler.o
 .text.NVIC_SystemReset
                0x00011518       0x30 C:/Users/ander/XDK-Workspace/AccelerometerTest/debug/objects/source/UsbResetUtility.o
 .text.UsbResetUtilitySystemReset
                0x00011548       0x10 C:/Users/ander/XDK-Workspace/AccelerometerTest/debug/objects/source/UsbResetUtility.o
 .text.UsbResetUtility_InteruptHandling
                0x00011558      0x128 C:/Users/ander/XDK-Workspace/AccelerometerTest/debug/objects/source/UsbResetUtility.o
 .text.UsbResetUtility_Init
                0x00011680       0x5c C:/Users/ander/XDK-Workspace/AccelerometerTest/debug/objects/source/UsbResetUtility.o
                0x00011680                UsbResetUtility_Init
 .text.UsbResetUtilityISRCallback
                0x000116dc       0xc4 C:/Users/ander/XDK-Workspace/AccelerometerTest/debug/objects/source/UsbResetUtility.o
                0x000116dc                UsbResetUtilityISRCallback
 .text.Retcode_GetPackage
                0x000117a0       0x1c C:/Users/ander/XDK-Workspace/AccelerometerTest/debug/objects/source/SystemStartup.o
 .text.Retcode_GetModuleId
                0x000117bc       0x1c C:/Users/ander/XDK-Workspace/AccelerometerTest/debug/objects/source/SystemStartup.o
 .text.Retcode_GetSeverity
                0x000117d8       0x24 C:/Users/ander/XDK-Workspace/AccelerometerTest/debug/objects/source/SystemStartup.o
 .text.Retcode_GetCode
                0x000117fc       0x20 C:/Users/ander/XDK-Workspace/AccelerometerTest/debug/objects/source/SystemStartup.o
 .text.SysTickPreCallback
                0x0001181c       0x28 C:/Users/ander/XDK-Workspace/AccelerometerTest/debug/objects/source/SystemStartup.o
 .text.DefaultErrorHandlingFunc
                0x00011844      0x4b4 C:/Users/ander/XDK-Workspace/AccelerometerTest/debug/objects/source/SystemStartup.o
                0x00011844                DefaultErrorHandlingFunc
 .text.assertIndicationMapping
                0x00011cf8       0x48 C:/Users/ander/XDK-Workspace/AccelerometerTest/debug/objects/source/SystemStartup.o
                0x00011cf8                assertIndicationMapping
 .text.systemStartup
                0x00011d40      0x1a0 C:/Users/ander/XDK-Workspace/AccelerometerTest/debug/objects/source/SystemStartup.o
                0x00011d40                systemStartup
 .text.vApplicationStackOverflowHook
                0x00011ee0       0x70 C:/Users/ander/XDK-Workspace/AccelerometerTest/debug/objects/source/SystemStartup.o
                0x00011ee0                vApplicationStackOverflowHook
 .text.vApplicationMallocFailedHook
                0x00011f50       0x14 C:/Users/ander/XDK-Workspace/AccelerometerTest/debug/objects/source/SystemStartup.o
                0x00011f50                vApplicationMallocFailedHook
 .text.vApplicationIdleHook
                0x00011f64       0x14 C:/Users/ander/XDK-Workspace/AccelerometerTest/debug/objects/source/SystemStartup.o
                0x00011f64                vApplicationIdleHook
 .text.NVIC_ClearPendingIRQ
                0x00011f78       0x3c C:/Users/ander/XDK-Workspace/AccelerometerTest/debug/objects/source/Adc/Mcu_Adc.o
 .text.ADC_DataSingleGet
                0x00011fb4       0x18 C:/Users/ander/XDK-Workspace/AccelerometerTest/debug/objects/source/Adc/Mcu_Adc.o
 .text.ADC_DataScanGet
                0x00011fcc       0x18 C:/Users/ander/XDK-Workspace/AccelerometerTest/debug/objects/source/Adc/Mcu_Adc.o
 .text.ADC_IntClear
                0x00011fe4       0x1c C:/Users/ander/XDK-Workspace/AccelerometerTest/debug/objects/source/Adc/Mcu_Adc.o
 .text.ADC_IntDisable
                0x00012000       0x24 C:/Users/ander/XDK-Workspace/AccelerometerTest/debug/objects/source/Adc/Mcu_Adc.o
 .text.ADC_IntEnable
                0x00012024       0x20 C:/Users/ander/XDK-Workspace/AccelerometerTest/debug/objects/source/Adc/Mcu_Adc.o
 .text.TIMER_CounterSet
                0x00012044       0x1c C:/Users/ander/XDK-Workspace/AccelerometerTest/debug/objects/source/Adc/Mcu_Adc.o
 .text.TIMER_Enable
                0x00012060       0x64 C:/Users/ander/XDK-Workspace/AccelerometerTest/debug/objects/source/Adc/Mcu_Adc.o
 .text.TIMER_IntClear
                0x000120c4       0x1c C:/Users/ander/XDK-Workspace/AccelerometerTest/debug/objects/source/Adc/Mcu_Adc.o
 .text.TIMER_IntDisable
                0x000120e0       0x24 C:/Users/ander/XDK-Workspace/AccelerometerTest/debug/objects/source/Adc/Mcu_Adc.o
 .text.TIMER_TopSet
                0x00012104       0x1c C:/Users/ander/XDK-Workspace/AccelerometerTest/debug/objects/source/Adc/Mcu_Adc.o
 .text.findNoOfScanChannel
                0x00012120       0x58 C:/Users/ander/XDK-Workspace/AccelerometerTest/debug/objects/source/Adc/Mcu_Adc.o
 .text.McuAdcDmaScanChannelCb
                0x00012178       0x50 C:/Users/ander/XDK-Workspace/AccelerometerTest/debug/objects/source/Adc/Mcu_Adc.o
 .text.McuAdcDmaSingleChannelCb
                0x000121c8       0x30 C:/Users/ander/XDK-Workspace/AccelerometerTest/debug/objects/source/Adc/Mcu_Adc.o
 .text.Adc_SamplingTimerSetup
                0x000121f8       0xf0 C:/Users/ander/XDK-Workspace/AccelerometerTest/debug/objects/source/Adc/Mcu_Adc.o
 .text.Adc_PrsChannelSetup
                0x000122e8       0x2c C:/Users/ander/XDK-Workspace/AccelerometerTest/debug/objects/source/Adc/Mcu_Adc.o
 .text.Adc_McuIrqCallback
                0x00012314      0x244 C:/Users/ander/XDK-Workspace/AccelerometerTest/debug/objects/source/Adc/Mcu_Adc.o
                0x00012314                Adc_McuIrqCallback
 .text.Mcu_Adc_Initialize
                0x00012558       0xfc C:/Users/ander/XDK-Workspace/AccelerometerTest/debug/objects/source/Adc/Mcu_Adc.o
                0x00012558                Mcu_Adc_Initialize
 .text.Mcu_Adc_StartScan
                0x00012654      0x228 C:/Users/ander/XDK-Workspace/AccelerometerTest/debug/objects/source/Adc/Mcu_Adc.o
                0x00012654                Mcu_Adc_StartScan
 .text.Mcu_Adc_StopScan
                0x0001287c       0xd4 C:/Users/ander/XDK-Workspace/AccelerometerTest/debug/objects/source/Adc/Mcu_Adc.o
                0x0001287c                Mcu_Adc_StopScan
 .text.WLANHostPgmUploadCertificate
                0x00012950      0x1a4 C:/Users/ander/XDK-Workspace/AccelerometerTest/debug/objects/source/Connectivity/WLANHostPgm.o
 .text.WLANHostPgm_Setup
                0x00012af4       0x10 C:/Users/ander/XDK-Workspace/AccelerometerTest/debug/objects/source/Connectivity/WLANHostPgm.o
                0x00012af4                WLANHostPgm_Setup
 .text.WLANHostPgm_Enable
                0x00012b04       0x10 C:/Users/ander/XDK-Workspace/AccelerometerTest/debug/objects/source/Connectivity/WLANHostPgm.o
                0x00012b04                WLANHostPgm_Enable
 .text.LEDPatternRunning
                0x00012b14       0xcc C:/Users/ander/XDK-Workspace/AccelerometerTest/debug/objects/source/Connectivity/LED.o
 .text.LEDTimerCallbackHandler
                0x00012be0      0x180 C:/Users/ander/XDK-Workspace/AccelerometerTest/debug/objects/source/Connectivity/LED.o
 .text.LED_Setup
                0x00012d60       0x6c C:/Users/ander/XDK-Workspace/AccelerometerTest/debug/objects/source/Connectivity/LED.o
                0x00012d60                LED_Setup
 .text.LED_Enable
                0x00012dcc       0x10 C:/Users/ander/XDK-Workspace/AccelerometerTest/debug/objects/source/Connectivity/LED.o
                0x00012dcc                LED_Enable
 .text.LED_On   0x00012ddc       0x8c C:/Users/ander/XDK-Workspace/AccelerometerTest/debug/objects/source/Connectivity/LED.o
                0x00012ddc                LED_On
 .text.LED_Off  0x00012e68       0x8c C:/Users/ander/XDK-Workspace/AccelerometerTest/debug/objects/source/Connectivity/LED.o
                0x00012e68                LED_Off
 .text.LED_Toggle
                0x00012ef4       0x8c C:/Users/ander/XDK-Workspace/AccelerometerTest/debug/objects/source/Connectivity/LED.o
                0x00012ef4                LED_Toggle
 .text.UDP_Open
                0x00012f80       0x5c C:/Users/ander/XDK-Workspace/AccelerometerTest/debug/objects/source/Connectivity/UDP.o
                0x00012f80                UDP_Open
 .text.UDP_Send
                0x00012fdc       0x84 C:/Users/ander/XDK-Workspace/AccelerometerTest/debug/objects/source/Connectivity/UDP.o
                0x00012fdc                UDP_Send
 .text.UDP_Setup
                0x00013060       0x30 C:/Users/ander/XDK-Workspace/AccelerometerTest/debug/objects/source/Connectivity/UDP.o
                0x00013060                UDP_Setup
 .text.UDP_Enable
                0x00013090       0x10 C:/Users/ander/XDK-Workspace/AccelerometerTest/debug/objects/source/Connectivity/UDP.o
                0x00013090                UDP_Enable
 .text.Retcode_GetCode
                0x000130a0       0x20 C:/Users/ander/XDK-Workspace/AccelerometerTest/debug/objects/source/Connectivity/WLAN.o
 .text.WlanEventSemaphoreHandle
                0x000130c0       0x8c C:/Users/ander/XDK-Workspace/AccelerometerTest/debug/objects/source/Connectivity/WLAN.o
 .text.ConvertIpAddrToString
                0x0001314c       0x60 C:/Users/ander/XDK-Workspace/AccelerometerTest/debug/objects/source/Connectivity/WLAN.o
 .text.GetMyIpAddr
                0x000131ac       0x14 C:/Users/ander/XDK-Workspace/AccelerometerTest/debug/objects/source/Connectivity/WLAN.o
 .text.WLANVersionLog
                0x000131c0      0x124 C:/Users/ander/XDK-Workspace/AccelerometerTest/debug/objects/source/Connectivity/WLAN.o
 .text.WLANIpCredentialsValidateAndLog
                0x000132e4      0x16c C:/Users/ander/XDK-Workspace/AccelerometerTest/debug/objects/source/Connectivity/WLAN.o
 .text.WLANEnterpriseWPA2Connect
                0x00013450      0x378 C:/Users/ander/XDK-Workspace/AccelerometerTest/debug/objects/source/Connectivity/WLAN.o
 .text.WLANPersonalWPA2Connect
                0x000137c8      0x340 C:/Users/ander/XDK-Workspace/AccelerometerTest/debug/objects/source/Connectivity/WLAN.o
 .text.WLAN_Setup
                0x00013b08       0xec C:/Users/ander/XDK-Workspace/AccelerometerTest/debug/objects/source/Connectivity/WLAN.o
                0x00013b08                WLAN_Setup
 .text.WLAN_Enable
                0x00013bf4       0x60 C:/Users/ander/XDK-Workspace/AccelerometerTest/debug/objects/source/Connectivity/WLAN.o
                0x00013bf4                WLAN_Enable
 .text.WlanConnectStatusCallback
                0x00013c54       0x60 C:/Users/ander/XDK-Workspace/AccelerometerTest/debug/objects/source/Connectivity/WLAN.o
 .text.NetworkIpConfigCallbackFunc
                0x00013cb4       0x3c C:/Users/ander/XDK-Workspace/AccelerometerTest/debug/objects/source/Connectivity/WLAN.o
 .text.SensorAccelDataRead
                0x00013cf0       0x64 C:/Users/ander/XDK-Workspace/AccelerometerTest/debug/objects/source/Sensor/Sensor.o
 .text.SensorGyroDataRead
                0x00013d54       0x64 C:/Users/ander/XDK-Workspace/AccelerometerTest/debug/objects/source/Sensor/Sensor.o
 .text.SensorLightDataRead
                0x00013db8       0x30 C:/Users/ander/XDK-Workspace/AccelerometerTest/debug/objects/source/Sensor/Sensor.o
 .text.SensorMagDataRead
                0x00013de8       0x54 C:/Users/ander/XDK-Workspace/AccelerometerTest/debug/objects/source/Sensor/Sensor.o
 .text.SensorEnvironmentalDataRead
                0x00013e3c       0x48 C:/Users/ander/XDK-Workspace/AccelerometerTest/debug/objects/source/Sensor/Sensor.o
 .text.SensorSetupValidity
                0x00013e84       0xc4 C:/Users/ander/XDK-Workspace/AccelerometerTest/debug/objects/source/Sensor/Sensor.o
 .text.AccelRealTimeISRCallback
                0x00013f48       0x48 C:/Users/ander/XDK-Workspace/AccelerometerTest/debug/objects/source/Sensor/Sensor.o
 .text.LightSensorCallback
                0x00013f90       0x58 C:/Users/ander/XDK-Workspace/AccelerometerTest/debug/objects/source/Sensor/Sensor.o
 .text.LightRealTimeISRCallback
                0x00013fe8       0x44 C:/Users/ander/XDK-Workspace/AccelerometerTest/debug/objects/source/Sensor/Sensor.o
 .text.Sensor_Setup
                0x0001402c       0xc8 C:/Users/ander/XDK-Workspace/AccelerometerTest/debug/objects/source/Sensor/Sensor.o
                0x0001402c                Sensor_Setup
 .text.Sensor_Enable
                0x000140f4      0x2e8 C:/Users/ander/XDK-Workspace/AccelerometerTest/debug/objects/source/Sensor/Sensor.o
                0x000140f4                Sensor_Enable
 .text.Sensor_GetData
                0x000143dc      0x264 C:/Users/ander/XDK-Workspace/AccelerometerTest/debug/objects/source/Sensor/Sensor.o
                0x000143dc                Sensor_GetData
 .text.ProcessCH4Data
                0x00014640      0x108 C:/Users/ander/XDK-Workspace/AccelerometerTest/debug/objects/source/Sensor/NoiseSensor.o
 .text.NoiseSensor_Setup
                0x00014748       0x74 C:/Users/ander/XDK-Workspace/AccelerometerTest/debug/objects/source/Sensor/NoiseSensor.o
                0x00014748                NoiseSensor_Setup
 .text.NoiseSensor_Enable
                0x000147bc       0xb4 C:/Users/ander/XDK-Workspace/AccelerometerTest/debug/objects/source/Sensor/NoiseSensor.o
                0x000147bc                NoiseSensor_Enable
 .text.NoiseSensor_ReadRmsValue
                0x00014870       0xb4 C:/Users/ander/XDK-Workspace/AccelerometerTest/debug/objects/source/Sensor/NoiseSensor.o
                0x00014870                NoiseSensor_ReadRmsValue
 .text.Utils_GetMacInfoFromNVM
                0x00014924      0x138 C:/Users/ander/XDK-Workspace/AccelerometerTest/debug/objects/source/Utility/Utils.o
                0x00014924                Utils_GetMacInfoFromNVM
 .text.Utils_PrintResetCause
                0x00014a5c       0x28 C:/Users/ander/XDK-Workspace/AccelerometerTest/debug/objects/source/Utility/Utils.o
                0x00014a5c                Utils_PrintResetCause
 .text.DeviceInformationServiceCallback
                0x00014a84       0x14 C:/Users/ander/XDK-Workspace/AccelerometerTest/debug/objects/source/Connectivity/BLE/BleDeviceInfoService.o
 .text.BleDeviceInformationService_Initialize
                0x00014a98       0x98 C:/Users/ander/XDK-Workspace/AccelerometerTest/debug/objects/source/Connectivity/BLE/BleDeviceInfoService.o
                0x00014a98                BleDeviceInformationService_Initialize
 .text.BleDeviceInformationService_Register
                0x00014b30      0x204 C:/Users/ander/XDK-Workspace/AccelerometerTest/debug/objects/source/Connectivity/BLE/BleDeviceInfoService.o
                0x00014b30                BleDeviceInformationService_Register
 .text.AcceleratorSensorServiceCallback
                0x00014d34       0xf4 C:/Users/ander/XDK-Workspace/AccelerometerTest/debug/objects/source/Connectivity/BLE/SensorServices.o
 .text.SensorServicesRegisterAccelerometer
                0x00014e28      0x14c C:/Users/ander/XDK-Workspace/AccelerometerTest/debug/objects/source/Connectivity/BLE/SensorServices.o
 .text.GyroSensorServiceCallback
                0x00014f74       0xf4 C:/Users/ander/XDK-Workspace/AccelerometerTest/debug/objects/source/Connectivity/BLE/SensorServices.o
 .text.SensorServicesRegisterGyro
                0x00015068      0x14c C:/Users/ander/XDK-Workspace/AccelerometerTest/debug/objects/source/Connectivity/BLE/SensorServices.o
 .text.LightSensorServiceCallback
                0x000151b4       0xc0 C:/Users/ander/XDK-Workspace/AccelerometerTest/debug/objects/source/Connectivity/BLE/SensorServices.o
 .text.SensorServicesRegisterLightSensor
                0x00015274       0xc0 C:/Users/ander/XDK-Workspace/AccelerometerTest/debug/objects/source/Connectivity/BLE/SensorServices.o
 .text.SensorServicesCallback
                0x00015334       0x54 C:/Users/ander/XDK-Workspace/AccelerometerTest/debug/objects/source/Connectivity/BLE/SensorServices.o
 .text.SensorServicesRegisterNoiseSensor
                0x00015388       0xc0 C:/Users/ander/XDK-Workspace/AccelerometerTest/debug/objects/source/Connectivity/BLE/SensorServices.o
 .text.SensorServicesRegisterMagnetometerSensor
                0x00015448      0x14c C:/Users/ander/XDK-Workspace/AccelerometerTest/debug/objects/source/Connectivity/BLE/SensorServices.o
 .text.SensorServicesRegisterEnvironmentSensor
                0x00015594      0x1ac C:/Users/ander/XDK-Workspace/AccelerometerTest/debug/objects/source/Connectivity/BLE/SensorServices.o
 .text.HighDataRateServiceCallback
                0x00015740       0xdc C:/Users/ander/XDK-Workspace/AccelerometerTest/debug/objects/source/Connectivity/BLE/SensorServices.o
 .text.SensorServicesRegisterHighDataRateService
                0x0001581c      0x158 C:/Users/ander/XDK-Workspace/AccelerometerTest/debug/objects/source/Connectivity/BLE/SensorServices.o
 .text.ControlXdkServiceCallback
                0x00015974      0x118 C:/Users/ander/XDK-Workspace/AccelerometerTest/debug/objects/source/Connectivity/BLE/SensorServices.o
 .text.SensorServicesRegisterControlSensor
                0x00015a8c      0x298 C:/Users/ander/XDK-Workspace/AccelerometerTest/debug/objects/source/Connectivity/BLE/SensorServices.o
 .text.WriteAndNotifyAccelerometerAxisValue
                0x00015d24      0x100 C:/Users/ander/XDK-Workspace/AccelerometerTest/debug/objects/source/Connectivity/BLE/SensorServices.o
 .text.WriteAndNotifyGyroAxisValue
                0x00015e24      0x100 C:/Users/ander/XDK-Workspace/AccelerometerTest/debug/objects/source/Connectivity/BLE/SensorServices.o
 .text.WriteAndNotifyLightSensorValue
                0x00015f24       0xc8 C:/Users/ander/XDK-Workspace/AccelerometerTest/debug/objects/source/Connectivity/BLE/SensorServices.o
 .text.WriteAndNotifyNoiseSensorValue
                0x00015fec       0xc4 C:/Users/ander/XDK-Workspace/AccelerometerTest/debug/objects/source/Connectivity/BLE/SensorServices.o
 .text.WriteAndNotifyMagnetometerValue
                0x000160b0      0x100 C:/Users/ander/XDK-Workspace/AccelerometerTest/debug/objects/source/Connectivity/BLE/SensorServices.o
 .text.WriteAndNotifyPressureSensorValue
                0x000161b0       0xc4 C:/Users/ander/XDK-Workspace/AccelerometerTest/debug/objects/source/Connectivity/BLE/SensorServices.o
 .text.WriteAndNotifyTemperatureSensorValue
                0x00016274       0xc4 C:/Users/ander/XDK-Workspace/AccelerometerTest/debug/objects/source/Connectivity/BLE/SensorServices.o
 .text.WriteAndNotifyHumiditySensorValue
                0x00016338       0xc4 C:/Users/ander/XDK-Workspace/AccelerometerTest/debug/objects/source/Connectivity/BLE/SensorServices.o
 .text.WriteAndNotifyPriorityData
                0x000163fc      0x120 C:/Users/ander/XDK-Workspace/AccelerometerTest/debug/objects/source/Connectivity/BLE/SensorServices.o
 .text.SensorServices_Init
                0x0001651c       0x44 C:/Users/ander/XDK-Workspace/AccelerometerTest/debug/objects/source/Connectivity/BLE/SensorServices.o
                0x0001651c                SensorServices_Init
 .text.SensorServices_Register
                0x00016560       0x94 C:/Users/ander/XDK-Workspace/AccelerometerTest/debug/objects/source/Connectivity/BLE/SensorServices.o
                0x00016560                SensorServices_Register
 .text.SensorServices_SendData
                0x000165f4      0x180 C:/Users/ander/XDK-Workspace/AccelerometerTest/debug/objects/source/Connectivity/BLE/SensorServices.o
                0x000165f4                SensorServices_SendData
 .text.SensorServices_UpdateConnectionStatus
                0x00016774       0x3c C:/Users/ander/XDK-Workspace/AccelerometerTest/debug/objects/source/Connectivity/BLE/SensorServices.o
                0x00016774                SensorServices_UpdateConnectionStatus
 .text.BleSendCallback
                0x000167b0       0x4c C:/Users/ander/XDK-Workspace/AccelerometerTest/debug/objects/source/Connectivity/BLE/BLE.o
 .text.BleBcdsBidirectionalServiceDataRxCB
                0x000167fc       0x38 C:/Users/ander/XDK-Workspace/AccelerometerTest/debug/objects/source/Connectivity/BLE/BLE.o
                0x000167fc                BleBcdsBidirectionalServiceDataRxCB
 .text.BleXdkSensorServicesServiceDataRxCB
                0x00016834       0x38 C:/Users/ander/XDK-Workspace/AccelerometerTest/debug/objects/source/Connectivity/BLE/BLE.o
                0x00016834                BleXdkSensorServicesServiceDataRxCB
 .text.BleXdkGridEyeServicesServiceDataRxCB
                0x0001686c       0x38 C:/Users/ander/XDK-Workspace/AccelerometerTest/debug/objects/source/Connectivity/BLE/BLE.o
                0x0001686c                BleXdkGridEyeServicesServiceDataRxCB
 .text.BleServiceRegistry
                0x000168a4      0x14c C:/Users/ander/XDK-Workspace/AccelerometerTest/debug/objects/source/Connectivity/BLE/BLE.o
 .text.BleEventCallBack
                0x000169f0      0x1c4 C:/Users/ander/XDK-Workspace/AccelerometerTest/debug/objects/source/Connectivity/BLE/BLE.o
 .text.BLE_Setup
                0x00016bb4      0x248 C:/Users/ander/XDK-Workspace/AccelerometerTest/debug/objects/source/Connectivity/BLE/BLE.o
                0x00016bb4                BLE_Setup
 .text.BLE_IsConnected
                0x00016dfc       0x18 C:/Users/ander/XDK-Workspace/AccelerometerTest/debug/objects/source/Connectivity/BLE/BLE.o
                0x00016dfc                BLE_IsConnected
 .text.BLE_SendData
                0x00016e14      0x200 C:/Users/ander/XDK-Workspace/AccelerometerTest/debug/objects/source/Connectivity/BLE/BLE.o
                0x00016e14                BLE_SendData
 .text.GridEyeService_ServiceCallback
                0x00017014      0x108 C:/Users/ander/XDK-Workspace/AccelerometerTest/debug/objects/source/Connectivity/BLE/GridEyeService.o
 .text.GridEyeService_Register
                0x0001711c      0x1d4 C:/Users/ander/XDK-Workspace/AccelerometerTest/debug/objects/source/Connectivity/BLE/GridEyeService.o
                0x0001711c                GridEyeService_Register
 .text.GridEyeService_Init
                0x000172f0       0x44 C:/Users/ander/XDK-Workspace/AccelerometerTest/debug/objects/source/Connectivity/BLE/GridEyeService.o
                0x000172f0                GridEyeService_Init
 .text.GridEyeService_SendData
                0x00017334      0x130 C:/Users/ander/XDK-Workspace/AccelerometerTest/debug/objects/source/Connectivity/BLE/GridEyeService.o
                0x00017334                GridEyeService_SendData
 .text.GridEyeService_UpdateConnectionStatus
                0x00017464       0x3c C:/Users/ander/XDK-Workspace/AccelerometerTest/debug/objects/source/Connectivity/BLE/GridEyeService.o
                0x00017464                GridEyeService_UpdateConnectionStatus
 .text.INT_Disable
                0x000174a0       0x40 C:/Users/ander/XDK-Workspace/AccelerometerTest/debug/objects/./../Libraries/EMlib/3rd-party/EMLib/usb/src/em_usbdint.o
 .text.INT_Enable
                0x000174e0       0x54 C:/Users/ander/XDK-Workspace/AccelerometerTest/debug/objects/./../Libraries/EMlib/3rd-party/EMLib/usb/src/em_usbdint.o
 .text.USBHAL_FlushTxFifo
                0x00017534       0x4c C:/Users/ander/XDK-Workspace/AccelerometerTest/debug/objects/./../Libraries/EMlib/3rd-party/EMLib/usb/src/em_usbdint.o
 .text.USBHAL_GetCoreInts
                0x00017580       0x40 C:/Users/ander/XDK-Workspace/AccelerometerTest/debug/objects/./../Libraries/EMlib/3rd-party/EMLib/usb/src/em_usbdint.o
 .text.USBDHAL_EnableInts
                0x000175c0       0x70 C:/Users/ander/XDK-Workspace/AccelerometerTest/debug/objects/./../Libraries/EMlib/3rd-party/EMLib/usb/src/em_usbdint.o
 .text.USBDHAL_Ep0Activate
                0x00017630       0x70 C:/Users/ander/XDK-Workspace/AccelerometerTest/debug/objects/./../Libraries/EMlib/3rd-party/EMLib/usb/src/em_usbdint.o
 .text.USBDHAL_GetAllInEpInts
                0x000176a0       0x48 C:/Users/ander/XDK-Workspace/AccelerometerTest/debug/objects/./../Libraries/EMlib/3rd-party/EMLib/usb/src/em_usbdint.o
 .text.USBDHAL_GetAllOutEpInts
                0x000176e8       0x44 C:/Users/ander/XDK-Workspace/AccelerometerTest/debug/objects/./../Libraries/EMlib/3rd-party/EMLib/usb/src/em_usbdint.o
 .text.USBDHAL_GetInEpInts
                0x0001772c       0x44 C:/Users/ander/XDK-Workspace/AccelerometerTest/debug/objects/./../Libraries/EMlib/3rd-party/EMLib/usb/src/em_usbdint.o
 .text.USBDHAL_GetOutEpInts
                0x00017770       0x44 C:/Users/ander/XDK-Workspace/AccelerometerTest/debug/objects/./../Libraries/EMlib/3rd-party/EMLib/usb/src/em_usbdint.o
 .text.USBDHAL_StartEp0Setup
                0x000177b4       0x88 C:/Users/ander/XDK-Workspace/AccelerometerTest/debug/objects/./../Libraries/EMlib/3rd-party/EMLib/usb/src/em_usbdint.o
 .text.USBD_GetEpFromAddr
                0x0001783c       0xa0 C:/Users/ander/XDK-Workspace/AccelerometerTest/debug/objects/./../Libraries/EMlib/3rd-party/EMLib/usb/src/em_usbdint.o
 .text.USB_IRQHandler
                0x000178dc      0x16c C:/Users/ander/XDK-Workspace/AccelerometerTest/debug/objects/./../Libraries/EMlib/3rd-party/EMLib/usb/src/em_usbdint.o
                0x000178dc                USB_IRQHandler
 .text.Handle_USB_GINTSTS_ENUMDONE
                0x00017a48       0x3c C:/Users/ander/XDK-Workspace/AccelerometerTest/debug/objects/./../Libraries/EMlib/3rd-party/EMLib/usb/src/em_usbdint.o
 .text.Handle_USB_GINTSTS_IEPINT
                0x00017a84      0x118 C:/Users/ander/XDK-Workspace/AccelerometerTest/debug/objects/./../Libraries/EMlib/3rd-party/EMLib/usb/src/em_usbdint.o
 .text.Handle_USB_GINTSTS_OEPINT
                0x00017b9c      0x230 C:/Users/ander/XDK-Workspace/AccelerometerTest/debug/objects/./../Libraries/EMlib/3rd-party/EMLib/usb/src/em_usbdint.o
 .text.Handle_USB_GINTSTS_RESETDET
                0x00017dcc       0x40 C:/Users/ander/XDK-Workspace/AccelerometerTest/debug/objects/./../Libraries/EMlib/3rd-party/EMLib/usb/src/em_usbdint.o
 .text.Handle_USB_GINTSTS_SOF
                0x00017e0c       0x64 C:/Users/ander/XDK-Workspace/AccelerometerTest/debug/objects/./../Libraries/EMlib/3rd-party/EMLib/usb/src/em_usbdint.o
 .text.Handle_USB_GINTSTS_USBRST
                0x00017e70      0x150 C:/Users/ander/XDK-Workspace/AccelerometerTest/debug/objects/./../Libraries/EMlib/3rd-party/EMLib/usb/src/em_usbdint.o
 .text.Handle_USB_GINTSTS_USBSUSP
                0x00017fc0       0x68 C:/Users/ander/XDK-Workspace/AccelerometerTest/debug/objects/./../Libraries/EMlib/3rd-party/EMLib/usb/src/em_usbdint.o
 .text.Handle_USB_GINTSTS_WKUPINT
                0x00018028       0x30 C:/Users/ander/XDK-Workspace/AccelerometerTest/debug/objects/./../Libraries/EMlib/3rd-party/EMLib/usb/src/em_usbdint.o
 .text.AppControllerValidateWLANConnectivity
                0x00018058       0xb4 C:/Users/ander/XDK-Workspace/AccelerometerTest/debug/objects/AppController.o
 .text.AppControllerBleStartOrEndMsgSend
                0x0001810c       0x68 C:/Users/ander/XDK-Workspace/AccelerometerTest/debug/objects/AppController.o
 .text.AppControllerBleDataRxCB
                0x00018174      0x100 C:/Users/ander/XDK-Workspace/AccelerometerTest/debug/objects/AppController.o
 .text.UdpController
                0x00018274       0x8c C:/Users/ander/XDK-Workspace/AccelerometerTest/debug/objects/AppController.o
 .text.AppControllerFire
                0x00018300      0x13c C:/Users/ander/XDK-Workspace/AccelerometerTest/debug/objects/AppController.o
 .text.AppControllerEnable
                0x0001843c      0x11c C:/Users/ander/XDK-Workspace/AccelerometerTest/debug/objects/AppController.o
 .text.AppControllerSetup
                0x00018558       0xc8 C:/Users/ander/XDK-Workspace/AccelerometerTest/debug/objects/AppController.o
 .text.AppController_Init
                0x00018620       0x80 C:/Users/ander/XDK-Workspace/AccelerometerTest/debug/objects/AppController.o
                0x00018620                AppController_Init
 .text.main     0x000186a0       0xb0 C:/Users/ander/XDK-Workspace/AccelerometerTest/debug/objects/Main.o
                0x000186a0                main
 .text          0x00018750       0x98 C:/Users/ander/XDK-Workspace/AccelerometerTest/debug/objects/startup_efm32gg.o
                0x00018750                Reset_Handler
                0x00018784                Default_Handler
                0x00018786                NMI_Handler
                0x00018792                DebugMon_Handler
                0x0001879c                TIMER0_IRQHandler
                0x000187a2                ACMP0_IRQHandler
                0x000187a8                DAC0_IRQHandler
                0x000187b0                TIMER1_IRQHandler
                0x000187b2                TIMER2_IRQHandler
                0x000187b4                TIMER3_IRQHandler
                0x000187ba                LESENSE_IRQHandler
                0x000187c8                LEUART0_IRQHandler
                0x000187ca                LEUART1_IRQHandler
                0x000187cc                LETIMER0_IRQHandler
                0x000187ce                PCNT0_IRQHandler
                0x000187d0                PCNT1_IRQHandler
                0x000187d2                PCNT2_IRQHandler
                0x000187d6                BURTC_IRQHandler
                0x000187d8                CMU_IRQHandler
                0x000187da                VCMP_IRQHandler
                0x000187dc                LCD_IRQHandler
                0x000187de                MSC_IRQHandler
                0x000187e0                AES_IRQHandler
                0x000187e2                EBI_IRQHandler
                0x000187e4                EMU_IRQHandler
 .text.GPIO_PinOutClear
                0x000187e8       0x4c ./../Platform/BSP/debug/libBSP_efm32_debug.a(BSP_LED.o)
 .text.GPIO_PinOutSet
                0x00018834       0x4c ./../Platform/BSP/debug/libBSP_efm32_debug.a(BSP_LED.o)
 .text.GPIO_PinOutToggle
                0x00018880       0x4c ./../Platform/BSP/debug/libBSP_efm32_debug.a(BSP_LED.o)
 .text.BSP_LED_Connect
                0x000188cc       0x48 ./../Platform/BSP/debug/libBSP_efm32_debug.a(BSP_LED.o)
                0x000188cc                BSP_LED_Connect
 .text.BSP_LED_EnableAll
                0x00018914       0x3c ./../Platform/BSP/debug/libBSP_efm32_debug.a(BSP_LED.o)
                0x00018914                BSP_LED_EnableAll
 .text.BSP_LED_Switch
                0x00018950      0x15c ./../Platform/BSP/debug/libBSP_efm32_debug.a(BSP_LED.o)
                0x00018950                BSP_LED_Switch
 .text.BSP_LED_SwitchAll
                0x00018aac       0xd0 ./../Platform/BSP/debug/libBSP_efm32_debug.a(BSP_LED.o)
                0x00018aac                BSP_LED_SwitchAll
 .text.NVIC_EnableIRQ
                0x00018b7c       0x38 ./../Platform/BSP/debug/libBSP_efm32_debug.a(BSP_Adc.o)
 .text.NVIC_ClearPendingIRQ
                0x00018bb4       0x3c ./../Platform/BSP/debug/libBSP_efm32_debug.a(BSP_Adc.o)
 .text.NVIC_SetPriority
                0x00018bf0       0x5c ./../Platform/BSP/debug/libBSP_efm32_debug.a(BSP_Adc.o)
 .text.Adc_ScanCompleteDmaCbfunc
                0x00018c4c       0xbc ./../Platform/BSP/debug/libBSP_efm32_debug.a(BSP_Adc.o)
 .text.Adc_SingleCompleteDmaCbfunc
                0x00018d08       0x4c ./../Platform/BSP/debug/libBSP_efm32_debug.a(BSP_Adc.o)
 .text.BSP_Adc_Connect
                0x00018d54      0x12c ./../Platform/BSP/debug/libBSP_efm32_debug.a(BSP_Adc.o)
                0x00018d54                BSP_Adc_Connect
 .text.BSP_Adc_Enable
                0x00018e80      0x184 ./../Platform/BSP/debug/libBSP_efm32_debug.a(BSP_Adc.o)
                0x00018e80                BSP_Adc_Enable
 .text.BSP_Adc_GetHandle
                0x00019004       0x20 ./../Platform/BSP/debug/libBSP_efm32_debug.a(BSP_Adc.o)
                0x00019004                BSP_Adc_GetHandle
 .text.BSP_Adc_HandlerIsr
                0x00019024        0xc ./../Platform/BSP/debug/libBSP_efm32_debug.a(BSP_Adc.o)
                0x00019024                BSP_Adc_HandlerIsr
 .text.NVIC_SetPriorityGrouping
                0x00019030       0x50 ./../Platform/BSP/debug/libBSP_efm32_debug.a(BSP_Board.o)
 .text.NVIC_EnableIRQ
                0x00019080       0x38 ./../Platform/BSP/debug/libBSP_efm32_debug.a(BSP_Board.o)
 .text.NVIC_DisableIRQ
                0x000190b8       0x3c ./../Platform/BSP/debug/libBSP_efm32_debug.a(BSP_Board.o)
 .text.NVIC_ClearPendingIRQ
                0x000190f4       0x3c ./../Platform/BSP/debug/libBSP_efm32_debug.a(BSP_Board.o)
 .text.NVIC_SetPriority
                0x00019130       0x5c ./../Platform/BSP/debug/libBSP_efm32_debug.a(BSP_Board.o)
 .text.NVIC_SystemReset
                0x0001918c       0x30 ./../Platform/BSP/debug/libBSP_efm32_debug.a(BSP_Board.o)
 .text.SysTick_Config
                0x000191bc       0x64 ./../Platform/BSP/debug/libBSP_efm32_debug.a(BSP_Board.o)
 .text.CHIP_Init
                0x00019220       0x50 ./../Platform/BSP/debug/libBSP_efm32_debug.a(BSP_Board.o)
 .text.GPIO_PinOutClear
                0x00019270       0x4c ./../Platform/BSP/debug/libBSP_efm32_debug.a(BSP_Board.o)
 .text.GPIO_PinOutSet
                0x000192bc       0x4c ./../Platform/BSP/debug/libBSP_efm32_debug.a(BSP_Board.o)
 .text.INT_Disable
                0x00019308       0x40 ./../Platform/BSP/debug/libBSP_efm32_debug.a(BSP_Board.o)
 .text.INT_Enable
                0x00019348       0x54 ./../Platform/BSP/debug/libBSP_efm32_debug.a(BSP_Board.o)
 .text.BSP_Board_OSTickInitialize
                0x0001939c       0x2c ./../Platform/BSP/debug/libBSP_efm32_debug.a(BSP_Board.o)
                0x0001939c                BSP_Board_OSTickInitialize
 .text.BSP_Board_Initialize
                0x000193c8      0x150 ./../Platform/BSP/debug/libBSP_efm32_debug.a(BSP_Board.o)
                0x000193c8                BSP_Board_Initialize
 .text.BSP_Board_Delay
                0x00019518       0x30 ./../Platform/BSP/debug/libBSP_efm32_debug.a(BSP_Board.o)
                0x00019518                BSP_Board_Delay
 .text.BSP_Board_SetOStoBSPDelayFunc
                0x00019548       0x20 ./../Platform/BSP/debug/libBSP_efm32_debug.a(BSP_Board.o)
                0x00019548                BSP_Board_SetOStoBSPDelayFunc
 .text.Board_GPIOInterruptInit
                0x00019568       0x30 ./../Platform/BSP/debug/libBSP_efm32_debug.a(BSP_Board.o)
                0x00019568                Board_GPIOInterruptInit
 .text.Board_GPIOInterruptGetCallback
                0x00019598       0x24 ./../Platform/BSP/debug/libBSP_efm32_debug.a(BSP_Board.o)
                0x00019598                Board_GPIOInterruptGetCallback
 .text.Board_GPIOInterruptRegisterCallback
                0x000195bc       0x38 ./../Platform/BSP/debug/libBSP_efm32_debug.a(BSP_Board.o)
                0x000195bc                Board_GPIOInterruptRegisterCallback
 .text.Board_GPIOInterruptDispatch
                0x000195f4       0x64 ./../Platform/BSP/debug/libBSP_efm32_debug.a(BSP_Board.o)
                0x000195f4                Board_GPIOInterruptDispatch
 .text.Board_UART0_UART_Init
                0x00019658       0xcc ./../Platform/BSP/debug/libBSP_efm32_debug.a(BSP_Board.o)
                0x00019658                Board_UART0_UART_Init
 .text.Board_UART1_UART_Init
                0x00019724       0xcc ./../Platform/BSP/debug/libBSP_efm32_debug.a(BSP_Board.o)
                0x00019724                Board_UART1_UART_Init
 .text.Board_USART0_SPI_Init
                0x000197f0       0xa8 ./../Platform/BSP/debug/libBSP_efm32_debug.a(BSP_Board.o)
                0x000197f0                Board_USART0_SPI_Init
 .text.Board_USART1_SPI_Init
                0x00019898       0x8c ./../Platform/BSP/debug/libBSP_efm32_debug.a(BSP_Board.o)
                0x00019898                Board_USART1_SPI_Init
 .text.Board_GPIO_Init
                0x00019924       0x6c ./../Platform/BSP/debug/libBSP_efm32_debug.a(BSP_Board.o)
                0x00019924                Board_GPIO_Init
 .text.Board_WakeupPowerSupply2V5
                0x00019990       0x50 ./../Platform/BSP/debug/libBSP_efm32_debug.a(BSP_Board.o)
                0x00019990                Board_WakeupPowerSupply2V5
 .text.Board_SnoozePowerSupply2V5
                0x000199e0       0x4c ./../Platform/BSP/debug/libBSP_efm32_debug.a(BSP_Board.o)
                0x000199e0                Board_SnoozePowerSupply2V5
 .text.PowerSupply2V5UpdateRegister
                0x00019a2c      0x268 ./../Platform/BSP/debug/libBSP_efm32_debug.a(BSP_Board.o)
                0x00019a2c                PowerSupply2V5UpdateRegister
 .text.Board_ADC_Init
                0x00019c94       0x78 ./../Platform/BSP/debug/libBSP_efm32_debug.a(BSP_Board.o)
                0x00019c94                Board_ADC_Init
 .text.Board_I2C0_Init
                0x00019d0c       0x54 ./../Platform/BSP/debug/libBSP_efm32_debug.a(BSP_Board.o)
                0x00019d0c                Board_I2C0_Init
 .text.Board_I2C1_Init
                0x00019d60       0x54 ./../Platform/BSP/debug/libBSP_efm32_debug.a(BSP_Board.o)
                0x00019d60                Board_I2C1_Init
 .text.Board_USB_Init
                0x00019db4       0x70 ./../Platform/BSP/debug/libBSP_efm32_debug.a(BSP_Board.o)
                0x00019db4                Board_USB_Init
 .text.Board_IncTick
                0x00019e24       0x24 ./../Platform/BSP/debug/libBSP_efm32_debug.a(BSP_Board.o)
                0x00019e24                Board_IncTick
 .text.Board_GetTick
                0x00019e48       0x18 ./../Platform/BSP/debug/libBSP_efm32_debug.a(BSP_Board.o)
                0x00019e48                Board_GetTick
 .text.Board_Delay
                0x00019e60       0x30 ./../Platform/BSP/debug/libBSP_efm32_debug.a(BSP_Board.o)
                0x00019e60                Board_Delay
 .text.Board_RTC_Init
                0x00019e90       0xa0 ./../Platform/BSP/debug/libBSP_efm32_debug.a(BSP_Board.o)
                0x00019e90                Board_RTC_Init
 .text.Board_BURTC_Init
                0x00019f30       0x28 ./../Platform/BSP/debug/libBSP_efm32_debug.a(BSP_Board.o)
                0x00019f30                Board_BURTC_Init
 .text.BSP_Board_EnableSysTick
                0x00019f58       0x38 ./../Platform/BSP/debug/libBSP_efm32_debug.a(BSP_Board.o)
                0x00019f58                BSP_Board_EnableSysTick
 .text.BSP_Board_SoftReset
                0x00019f90        0xc ./../Platform/BSP/debug/libBSP_efm32_debug.a(BSP_Board.o)
                0x00019f90                BSP_Board_SoftReset
 .text.USB_setSerialNumber
                0x00019f9c       0x7c ./../Platform/BSP/debug/libBSP_efm32_debug.a(BSP_USB.o)
 .text.USB_dataReceivedCallback
                0x0001a018       0x74 ./../Platform/BSP/debug/libBSP_efm32_debug.a(BSP_USB.o)
 .text.USB_dataTransferred
                0x0001a08c       0x4c ./../Platform/BSP/debug/libBSP_efm32_debug.a(BSP_USB.o)
 .text.USB_stateChange
                0x0001a0d8       0x58 ./../Platform/BSP/debug/libBSP_efm32_debug.a(BSP_USB.o)
                0x0001a0d8                USB_stateChange
 .text.USB_setupCommand
                0x0001a130      0x108 ./../Platform/BSP/debug/libBSP_efm32_debug.a(BSP_USB.o)
                0x0001a130                USB_setupCommand
 .text.USB_init
                0x0001a238       0xd0 ./../Platform/BSP/debug/libBSP_efm32_debug.a(BSP_USB.o)
                0x0001a238                USB_init
 .text.USB_receiveByte
                0x0001a308       0xa0 ./../Platform/BSP/debug/libBSP_efm32_debug.a(BSP_USB.o)
                0x0001a308                USB_receiveByte
 .text.RETARGET_WriteChar
                0x0001a3a8       0x2c ./../Platform/BSP/debug/libBSP_efm32_debug.a(BSP_USB.o)
                0x0001a3a8                RETARGET_WriteChar
 .text.USB_transmitData
                0x0001a3d4       0xc4 ./../Platform/BSP/debug/libBSP_efm32_debug.a(BSP_USB.o)
                0x0001a3d4                USB_transmitData
 .text.RETARGET_ReadChar
                0x0001a498       0x24 ./../Platform/BSP/debug/libBSP_efm32_debug.a(BSP_USB.o)
                0x0001a498                RETARGET_ReadChar
 .text.USB_callBackMapping
                0x0001a4bc       0x38 ./../Platform/BSP/debug/libBSP_efm32_debug.a(BSP_USB.o)
                0x0001a4bc                USB_callBackMapping
 .text.GPIO_PinOutClear
                0x0001a4f4       0x4c ./../Platform/BSP/debug/libBSP_efm32_debug.a(BSP_Mic_AKU340.o)
 .text.GPIO_PinOutSet
                0x0001a540       0x4c ./../Platform/BSP/debug/libBSP_efm32_debug.a(BSP_Mic_AKU340.o)
 .text.BSP_Mic_AKU340_Connect
                0x0001a58c       0x34 ./../Platform/BSP/debug/libBSP_efm32_debug.a(BSP_Mic_AKU340.o)
                0x0001a58c                BSP_Mic_AKU340_Connect
 .text.BSP_Mic_AKU340_Enable
                0x0001a5c0       0x3c ./../Platform/BSP/debug/libBSP_efm32_debug.a(BSP_Mic_AKU340.o)
                0x0001a5c0                BSP_Mic_AKU340_Enable
 .text.NVIC_EnableIRQ
                0x0001a5fc       0x38 ./../Platform/BSP/debug/libBSP_efm32_debug.a(BSP_DMA.o)
 .text.NVIC_ClearPendingIRQ
                0x0001a634       0x3c ./../Platform/BSP/debug/libBSP_efm32_debug.a(BSP_DMA.o)
 .text.NVIC_SetPriority
                0x0001a670       0x5c ./../Platform/BSP/debug/libBSP_efm32_debug.a(BSP_DMA.o)
 .text.BSP_DMA_Initialize
                0x0001a6cc       0x88 ./../Platform/BSP/debug/libBSP_efm32_debug.a(BSP_DMA.o)
                0x0001a6cc                BSP_DMA_Initialize
 .text.BSP_DMA_Enable
                0x0001a754       0x54 ./../Platform/BSP/debug/libBSP_efm32_debug.a(BSP_DMA.o)
                0x0001a754                BSP_DMA_Enable
 .text.GPIO_IntClear
                0x0001a7a8       0x20 ./../Platform/BSP/debug/libBSP_efm32_debug.a(BSP_IrqHandler.o)
 .text.GPIO_IntGetEnabled
                0x0001a7c8       0x30 ./../Platform/BSP/debug/libBSP_efm32_debug.a(BSP_IrqHandler.o)
 .text.ADC0_IRQHandler
                0x0001a7f8        0xc ./../Platform/BSP/debug/libBSP_efm32_debug.a(BSP_IrqHandler.o)
                0x0001a7f8                ADC0_IRQHandler
 .text.SysTick_Handler
                0x0001a804       0x40 ./../Platform/BSP/debug/libBSP_efm32_debug.a(BSP_IrqHandler.o)
                0x0001a804                SysTick_Handler
 .text.GPIO_EVEN_IRQHandler
                0x0001a844       0x28 ./../Platform/BSP/debug/libBSP_efm32_debug.a(BSP_IrqHandler.o)
                0x0001a844                GPIO_EVEN_IRQHandler
 .text.GPIO_ODD_IRQHandler
                0x0001a86c       0x28 ./../Platform/BSP/debug/libBSP_efm32_debug.a(BSP_IrqHandler.o)
                0x0001a86c                GPIO_ODD_IRQHandler
 .text.UART0_TX_IRQHandler
                0x0001a894        0xc ./../Platform/BSP/debug/libBSP_efm32_debug.a(BSP_IrqHandler.o)
                0x0001a894                UART0_TX_IRQHandler
 .text.UART0_RX_IRQHandler
                0x0001a8a0        0xc ./../Platform/BSP/debug/libBSP_efm32_debug.a(BSP_IrqHandler.o)
                0x0001a8a0                UART0_RX_IRQHandler
 .text.USART0_TX_IRQHandler
                0x0001a8ac        0xc ./../Platform/BSP/debug/libBSP_efm32_debug.a(BSP_IrqHandler.o)
                0x0001a8ac                USART0_TX_IRQHandler
 .text.USART0_RX_IRQHandler
                0x0001a8b8        0xc ./../Platform/BSP/debug/libBSP_efm32_debug.a(BSP_IrqHandler.o)
                0x0001a8b8                USART0_RX_IRQHandler
 .text.I2C0_IRQHandler
                0x0001a8c4        0xc ./../Platform/BSP/debug/libBSP_efm32_debug.a(BSP_IrqHandler.o)
                0x0001a8c4                I2C0_IRQHandler
 .text.I2C1_IRQHandler
                0x0001a8d0        0xc ./../Platform/BSP/debug/libBSP_efm32_debug.a(BSP_IrqHandler.o)
                0x0001a8d0                I2C1_IRQHandler
 .text.USART2_TX_IRQHandler
                0x0001a8dc        0xc ./../Platform/BSP/debug/libBSP_efm32_debug.a(BSP_IrqHandler.o)
                0x0001a8dc                USART2_TX_IRQHandler
 .text.USART2_RX_IRQHandler
                0x0001a8e8        0xc ./../Platform/BSP/debug/libBSP_efm32_debug.a(BSP_IrqHandler.o)
                0x0001a8e8                USART2_RX_IRQHandler
 .text.UART1_TX_IRQHandler
                0x0001a8f4        0xc ./../Platform/BSP/debug/libBSP_efm32_debug.a(BSP_IrqHandler.o)
                0x0001a8f4                UART1_TX_IRQHandler
 .text.UART1_RX_IRQHandler
                0x0001a900        0xc ./../Platform/BSP/debug/libBSP_efm32_debug.a(BSP_IrqHandler.o)
                0x0001a900                UART1_RX_IRQHandler
 .text.USART1_TX_IRQHandler
                0x0001a90c        0xc ./../Platform/BSP/debug/libBSP_efm32_debug.a(BSP_IrqHandler.o)
                0x0001a90c                USART1_TX_IRQHandler
 .text.USART1_RX_IRQHandler
                0x0001a918        0xc ./../Platform/BSP/debug/libBSP_efm32_debug.a(BSP_IrqHandler.o)
                0x0001a918                USART1_RX_IRQHandler
 .text.RTC_IRQHandler
                0x0001a924        0xc ./../Platform/BSP/debug/libBSP_efm32_debug.a(BSP_IrqHandler.o)
                0x0001a924                RTC_IRQHandler
 .text.IrqHandler_SysTickDummyHandler
                0x0001a930       0x10 ./../Platform/BSP/debug/libBSP_efm32_debug.a(BSP_IrqHandler.o)
                0x0001a930                IrqHandler_SysTickDummyHandler
 .text.BSP_ExtensionPort_I2cIsr
                0x0001a940       0x5c ./../Platform/BSP/debug/libBSP_efm32_debug.a(BSP_ExtensionPort.o)
                0x0001a940                BSP_ExtensionPort_I2cIsr
 .text.BSP_ExtensionPort_SpiRxIsr
                0x0001a99c       0x5c ./../Platform/BSP/debug/libBSP_efm32_debug.a(BSP_ExtensionPort.o)
                0x0001a99c                BSP_ExtensionPort_SpiRxIsr
 .text.BSP_ExtensionPort_SpiTxIsr
                0x0001a9f8       0x5c ./../Platform/BSP/debug/libBSP_efm32_debug.a(BSP_ExtensionPort.o)
                0x0001a9f8                BSP_ExtensionPort_SpiTxIsr
 .text.BSP_ExtensionPort_UARTRxIsr
                0x0001aa54       0x5c ./../Platform/BSP/debug/libBSP_efm32_debug.a(BSP_ExtensionPort.o)
                0x0001aa54                BSP_ExtensionPort_UARTRxIsr
 .text.BSP_ExtensionPort_UARTTxIsr
                0x0001aab0       0x5c ./../Platform/BSP/debug/libBSP_efm32_debug.a(BSP_ExtensionPort.o)
                0x0001aab0                BSP_ExtensionPort_UARTTxIsr
 .text.NVIC_EnableIRQ
                0x0001ab0c       0x38 ./../Platform/BSP/debug/libBSP_efm32_debug.a(BSP_WiFi_cc3100mod.o)
 .text.NVIC_DisableIRQ
                0x0001ab44       0x3c ./../Platform/BSP/debug/libBSP_efm32_debug.a(BSP_WiFi_cc3100mod.o)
 .text.NVIC_ClearPendingIRQ
                0x0001ab80       0x3c ./../Platform/BSP/debug/libBSP_efm32_debug.a(BSP_WiFi_cc3100mod.o)
 .text.NVIC_SetPriority
                0x0001abbc       0x5c ./../Platform/BSP/debug/libBSP_efm32_debug.a(BSP_WiFi_cc3100mod.o)
 .text.GPIO_IntClear
                0x0001ac18       0x20 ./../Platform/BSP/debug/libBSP_efm32_debug.a(BSP_WiFi_cc3100mod.o)
 .text.GPIO_IntDisable
                0x0001ac38       0x34 ./../Platform/BSP/debug/libBSP_efm32_debug.a(BSP_WiFi_cc3100mod.o)
 .text.GPIO_IntEnable
                0x0001ac6c       0x30 ./../Platform/BSP/debug/libBSP_efm32_debug.a(BSP_WiFi_cc3100mod.o)
 .text.GPIO_PinOutClear
                0x0001ac9c       0x4c ./../Platform/BSP/debug/libBSP_efm32_debug.a(BSP_WiFi_cc3100mod.o)
 .text.GPIO_PinOutSet
                0x0001ace8       0x4c ./../Platform/BSP/debug/libBSP_efm32_debug.a(BSP_WiFi_cc3100mod.o)
 .text.Board_GPIOInterruptUnregisterCallback
                0x0001ad34       0x20 ./../Platform/BSP/debug/libBSP_efm32_debug.a(BSP_WiFi_cc3100mod.o)
 .text.BSP_WiFi_CC3100MOD_Connect
                0x0001ad54      0x1e8 ./../Platform/BSP/debug/libBSP_efm32_debug.a(BSP_WiFi_cc3100mod.o)
                0x0001ad54                BSP_WiFi_CC3100MOD_Connect
 .text.BSP_WiFi_CC3100MOD_Enable
                0x0001af3c      0x1a4 ./../Platform/BSP/debug/libBSP_efm32_debug.a(BSP_WiFi_cc3100mod.o)
                0x0001af3c                BSP_WiFi_CC3100MOD_Enable
 .text.BSP_WiFi_CC3100MOD_Disable
                0x0001b0e0       0xb0 ./../Platform/BSP/debug/libBSP_efm32_debug.a(BSP_WiFi_cc3100mod.o)
                0x0001b0e0                BSP_WiFi_CC3100MOD_Disable
 .text.BSP_WiFi_CC3100MOD_Disconnect
                0x0001b190       0xdc ./../Platform/BSP/debug/libBSP_efm32_debug.a(BSP_WiFi_cc3100mod.o)
                0x0001b190                BSP_WiFi_CC3100MOD_Disconnect
 .text.BSP_WiFi_CC3100MOD_GetSPIHandle
                0x0001b26c       0x14 ./../Platform/BSP/debug/libBSP_efm32_debug.a(BSP_WiFi_cc3100mod.o)
                0x0001b26c                BSP_WiFi_CC3100MOD_GetSPIHandle
 .text.BSP_WiFi_CC3100MOD_SetCSLow
                0x0001b280       0x18 ./../Platform/BSP/debug/libBSP_efm32_debug.a(BSP_WiFi_cc3100mod.o)
                0x0001b280                BSP_WiFi_CC3100MOD_SetCSLow
 .text.BSP_WiFi_CC3100MOD_SetCSHigh
                0x0001b298       0x18 ./../Platform/BSP/debug/libBSP_efm32_debug.a(BSP_WiFi_cc3100mod.o)
                0x0001b298                BSP_WiFi_CC3100MOD_SetCSHigh
 .text.WiFi_CC3100MOD_SPIRxISR
                0x0001b2b0       0x28 ./../Platform/BSP/debug/libBSP_efm32_debug.a(BSP_WiFi_cc3100mod.o)
                0x0001b2b0                WiFi_CC3100MOD_SPIRxISR
 .text.WiFi_CC3100MOD_SPITxISR
                0x0001b2d8       0x28 ./../Platform/BSP/debug/libBSP_efm32_debug.a(BSP_WiFi_cc3100mod.o)
                0x0001b2d8                WiFi_CC3100MOD_SPITxISR
 .text.WiFi_CC3100MOD_SPI_RxDMAComplete
                0x0001b300       0x38 ./../Platform/BSP/debug/libBSP_efm32_debug.a(BSP_WiFi_cc3100mod.o)
                0x0001b300                WiFi_CC3100MOD_SPI_RxDMAComplete
 .text.WiFi_CC3100MOD_SPI_TxDMAComplete
                0x0001b338       0x38 ./../Platform/BSP/debug/libBSP_efm32_debug.a(BSP_WiFi_cc3100mod.o)
                0x0001b338                WiFi_CC3100MOD_SPI_TxDMAComplete
 .text.WiFi_INT_InterruptCallback
                0x0001b370       0x14 ./../Platform/BSP/debug/libBSP_efm32_debug.a(BSP_WiFi_cc3100mod.o)
 .text.NVIC_EnableIRQ
                0x0001b384       0x38 ./../Platform/BSP/debug/libBSP_efm32_debug.a(BSP_BT_EM9301.o)
 .text.NVIC_DisableIRQ
                0x0001b3bc       0x3c ./../Platform/BSP/debug/libBSP_efm32_debug.a(BSP_BT_EM9301.o)
 .text.NVIC_ClearPendingIRQ
                0x0001b3f8       0x3c ./../Platform/BSP/debug/libBSP_efm32_debug.a(BSP_BT_EM9301.o)
 .text.NVIC_SetPriority
                0x0001b434       0x5c ./../Platform/BSP/debug/libBSP_efm32_debug.a(BSP_BT_EM9301.o)
 .text.GPIO_PinOutClear
                0x0001b490       0x4c ./../Platform/BSP/debug/libBSP_efm32_debug.a(BSP_BT_EM9301.o)
 .text.GPIO_PinOutSet
                0x0001b4dc       0x4c ./../Platform/BSP/debug/libBSP_efm32_debug.a(BSP_BT_EM9301.o)
 .text.BSP_BT_EM9301_Connect
                0x0001b528       0xa0 ./../Platform/BSP/debug/libBSP_efm32_debug.a(BSP_BT_EM9301.o)
                0x0001b528                BSP_BT_EM9301_Connect
 .text.BSP_BT_EM9301_Enable
                0x0001b5c8      0x134 ./../Platform/BSP/debug/libBSP_efm32_debug.a(BSP_BT_EM9301.o)
                0x0001b5c8                BSP_BT_EM9301_Enable
 .text.BSP_BT_EM9301_Disable
                0x0001b6fc       0x9c ./../Platform/BSP/debug/libBSP_efm32_debug.a(BSP_BT_EM9301.o)
                0x0001b6fc                BSP_BT_EM9301_Disable
 .text.BSP_BT_EM9301_Disconnect
                0x0001b798       0x70 ./../Platform/BSP/debug/libBSP_efm32_debug.a(BSP_BT_EM9301.o)
                0x0001b798                BSP_BT_EM9301_Disconnect
 .text.BSP_BT_EM9301_SetWUHigh
                0x0001b808       0x48 ./../Platform/BSP/debug/libBSP_efm32_debug.a(BSP_BT_EM9301.o)
                0x0001b808                BSP_BT_EM9301_SetWUHigh
 .text.BSP_BT_EM9301_SetWULow
                0x0001b850       0x40 ./../Platform/BSP/debug/libBSP_efm32_debug.a(BSP_BT_EM9301.o)
                0x0001b850                BSP_BT_EM9301_SetWULow
 .text.BSP_BT_EM9301_Reset
                0x0001b890       0x34 ./../Platform/BSP/debug/libBSP_efm32_debug.a(BSP_BT_EM9301.o)
                0x0001b890                BSP_BT_EM9301_Reset
 .text.BSP_BT_EM9301_GetUARTHandle
                0x0001b8c4       0x34 ./../Platform/BSP/debug/libBSP_efm32_debug.a(BSP_BT_EM9301.o)
                0x0001b8c4                BSP_BT_EM9301_GetUARTHandle
 .text.BT_EM9301_UART_TxISR
                0x0001b8f8       0x28 ./../Platform/BSP/debug/libBSP_efm32_debug.a(BSP_BT_EM9301.o)
                0x0001b8f8                BT_EM9301_UART_TxISR
 .text.BT_EM9301_UART_RxISR
                0x0001b920       0x28 ./../Platform/BSP/debug/libBSP_efm32_debug.a(BSP_BT_EM9301.o)
                0x0001b920                BT_EM9301_UART_RxISR
 .text.NVIC_EnableIRQ
                0x0001b948       0x38 ./../Platform/BSP/debug/libBSP_efm32_debug.a(BSP_SensorNode.o)
 .text.NVIC_DisableIRQ
                0x0001b980       0x3c ./../Platform/BSP/debug/libBSP_efm32_debug.a(BSP_SensorNode.o)
 .text.NVIC_SetPriority
                0x0001b9bc       0x5c ./../Platform/BSP/debug/libBSP_efm32_debug.a(BSP_SensorNode.o)
 .text.GPIO_PinInGet
                0x0001ba18       0x4c ./../Platform/BSP/debug/libBSP_efm32_debug.a(BSP_SensorNode.o)
 .text.GPIO_PinOutSet
                0x0001ba64       0x4c ./../Platform/BSP/debug/libBSP_efm32_debug.a(BSP_SensorNode.o)
 .text.BSP_SensorNode_Connect
                0x0001bab0      0x190 ./../Platform/BSP/debug/libBSP_efm32_debug.a(BSP_SensorNode.o)
                0x0001bab0                BSP_SensorNode_Connect
 .text.BSP_SensorNode_Enable
                0x0001bc40      0x408 ./../Platform/BSP/debug/libBSP_efm32_debug.a(BSP_SensorNode.o)
                0x0001bc40                BSP_SensorNode_Enable
 .text.BSP_SensorNode_GetI2CHandle
                0x0001c048       0x34 ./../Platform/BSP/debug/libBSP_efm32_debug.a(BSP_SensorNode.o)
                0x0001c048                BSP_SensorNode_GetI2CHandle
 .text.SensorNode_EnableBus
                0x0001c07c       0x6c ./../Platform/BSP/debug/libBSP_efm32_debug.a(BSP_SensorNode.o)
 .text.BMA280_INT_InterruptCallback
                0x0001c0e8       0x44 ./../Platform/BSP/debug/libBSP_efm32_debug.a(BSP_SensorNode.o)
 .text.BMA280_INT2_InterruptCallback
                0x0001c12c       0x44 ./../Platform/BSP/debug/libBSP_efm32_debug.a(BSP_SensorNode.o)
 .text.MAX44009_INTN_InterruptCallback
                0x0001c170       0x44 ./../Platform/BSP/debug/libBSP_efm32_debug.a(BSP_SensorNode.o)
 .text.SensorNode_I2CISR
                0x0001c1b4       0x28 ./../Platform/BSP/debug/libBSP_efm32_debug.a(BSP_SensorNode.o)
                0x0001c1b4                SensorNode_I2CISR
 .text.SDCard_SPIRxISR
                0x0001c1dc       0x28 ./../Platform/BSP/debug/libBSP_efm32_debug.a(BSP_SDCard.o)
                0x0001c1dc                SDCard_SPIRxISR
 .text.SDCard_SPITxISR
                0x0001c204       0x28 ./../Platform/BSP/debug/libBSP_efm32_debug.a(BSP_SDCard.o)
                0x0001c204                SDCard_SPITxISR
 .text.xQueueGenericReset
                0x0001c22c       0xe0 ./../Libraries/FreeRTOS/debug/libFreeRTOS_efm32_debug.a(queue.o)
                0x0001c22c                xQueueGenericReset
 .text.xQueueGenericCreate
                0x0001c30c       0x74 ./../Libraries/FreeRTOS/debug/libFreeRTOS_efm32_debug.a(queue.o)
                0x0001c30c                xQueueGenericCreate
 .text.prvInitialiseNewQueue
                0x0001c380       0x48 ./../Libraries/FreeRTOS/debug/libFreeRTOS_efm32_debug.a(queue.o)
 .text.prvInitialiseMutex
                0x0001c3c8       0x40 ./../Libraries/FreeRTOS/debug/libFreeRTOS_efm32_debug.a(queue.o)
 .text.xQueueCreateMutex
                0x0001c408       0x38 ./../Libraries/FreeRTOS/debug/libFreeRTOS_efm32_debug.a(queue.o)
                0x0001c408                xQueueCreateMutex
 .text.xQueueCreateCountingSemaphore
                0x0001c440       0x60 ./../Libraries/FreeRTOS/debug/libFreeRTOS_efm32_debug.a(queue.o)
                0x0001c440                xQueueCreateCountingSemaphore
 .text.xQueueGenericSend
                0x0001c4a0      0x220 ./../Libraries/FreeRTOS/debug/libFreeRTOS_efm32_debug.a(queue.o)
                0x0001c4a0                xQueueGenericSend
 .text.xQueueGenericSendFromISR
                0x0001c6c0      0x13c ./../Libraries/FreeRTOS/debug/libFreeRTOS_efm32_debug.a(queue.o)
                0x0001c6c0                xQueueGenericSendFromISR
 .text.xQueueGiveFromISR
                0x0001c7fc      0x130 ./../Libraries/FreeRTOS/debug/libFreeRTOS_efm32_debug.a(queue.o)
                0x0001c7fc                xQueueGiveFromISR
 .text.xQueueReceive
                0x0001c92c      0x1c4 ./../Libraries/FreeRTOS/debug/libFreeRTOS_efm32_debug.a(queue.o)
                0x0001c92c                xQueueReceive
 .text.xQueueSemaphoreTake
                0x0001caf0      0x21c ./../Libraries/FreeRTOS/debug/libFreeRTOS_efm32_debug.a(queue.o)
                0x0001caf0                xQueueSemaphoreTake
 .text.vQueueDelete
                0x0001cd0c       0x38 ./../Libraries/FreeRTOS/debug/libFreeRTOS_efm32_debug.a(queue.o)
                0x0001cd0c                vQueueDelete
 .text.prvGetDisinheritPriorityAfterTimeout
                0x0001cd44       0x34 ./../Libraries/FreeRTOS/debug/libFreeRTOS_efm32_debug.a(queue.o)
 .text.prvCopyDataToQueue
                0x0001cd78       0xe8 ./../Libraries/FreeRTOS/debug/libFreeRTOS_efm32_debug.a(queue.o)
 .text.prvCopyDataFromQueue
                0x0001ce60       0x50 ./../Libraries/FreeRTOS/debug/libFreeRTOS_efm32_debug.a(queue.o)
 .text.prvUnlockQueue
                0x0001ceb0       0xcc ./../Libraries/FreeRTOS/debug/libFreeRTOS_efm32_debug.a(queue.o)
 .text.prvIsQueueEmpty
                0x0001cf7c       0x34 ./../Libraries/FreeRTOS/debug/libFreeRTOS_efm32_debug.a(queue.o)
 .text.prvIsQueueFull
                0x0001cfb0       0x38 ./../Libraries/FreeRTOS/debug/libFreeRTOS_efm32_debug.a(queue.o)
 .text.vQueueAddToRegistry
                0x0001cfe8       0x64 ./../Libraries/FreeRTOS/debug/libFreeRTOS_efm32_debug.a(queue.o)
                0x0001cfe8                vQueueAddToRegistry
 .text.vQueueUnregisterQueue
                0x0001d04c       0x6c ./../Libraries/FreeRTOS/debug/libFreeRTOS_efm32_debug.a(queue.o)
                0x0001d04c                vQueueUnregisterQueue
 .text.vQueueWaitForMessageRestricted
                0x0001d0b8       0x74 ./../Libraries/FreeRTOS/debug/libFreeRTOS_efm32_debug.a(queue.o)
                0x0001d0b8                vQueueWaitForMessageRestricted
 .text.xQueueCreateSet
                0x0001d12c       0x24 ./../Libraries/FreeRTOS/debug/libFreeRTOS_efm32_debug.a(queue.o)
                0x0001d12c                xQueueCreateSet
 .text.xQueueAddToSet
                0x0001d150       0x4c ./../Libraries/FreeRTOS/debug/libFreeRTOS_efm32_debug.a(queue.o)
                0x0001d150                xQueueAddToSet
 .text.xQueueSelectFromSet
                0x0001d19c       0x2c ./../Libraries/FreeRTOS/debug/libFreeRTOS_efm32_debug.a(queue.o)
                0x0001d19c                xQueueSelectFromSet
 .text.prvNotifyQueueSetContainer
                0x0001d1c8       0xb4 ./../Libraries/FreeRTOS/debug/libFreeRTOS_efm32_debug.a(queue.o)
 .text.xTaskCreate
                0x0001d27c       0x90 ./../Libraries/FreeRTOS/debug/libFreeRTOS_efm32_debug.a(tasks.o)
                0x0001d27c                xTaskCreate
 .text.prvInitialiseNewTask
                0x0001d30c      0x120 ./../Libraries/FreeRTOS/debug/libFreeRTOS_efm32_debug.a(tasks.o)
 .text.prvAddNewTaskToReadyList
                0x0001d42c      0x128 ./../Libraries/FreeRTOS/debug/libFreeRTOS_efm32_debug.a(tasks.o)
 .text.vTaskDelete
                0x0001d554      0x164 ./../Libraries/FreeRTOS/debug/libFreeRTOS_efm32_debug.a(tasks.o)
                0x0001d554                vTaskDelete
 .text.vTaskDelayUntil
                0x0001d6b8       0xf8 ./../Libraries/FreeRTOS/debug/libFreeRTOS_efm32_debug.a(tasks.o)
                0x0001d6b8                vTaskDelayUntil
 .text.vTaskDelay
                0x0001d7b0       0x6c ./../Libraries/FreeRTOS/debug/libFreeRTOS_efm32_debug.a(tasks.o)
                0x0001d7b0                vTaskDelay
 .text.vTaskSuspend
                0x0001d81c      0x160 ./../Libraries/FreeRTOS/debug/libFreeRTOS_efm32_debug.a(tasks.o)
                0x0001d81c                vTaskSuspend
 .text.vTaskStartScheduler
                0x0001d97c       0xa8 ./../Libraries/FreeRTOS/debug/libFreeRTOS_efm32_debug.a(tasks.o)
                0x0001d97c                vTaskStartScheduler
 .text.vTaskSuspendAll
                0x0001da24       0x24 ./../Libraries/FreeRTOS/debug/libFreeRTOS_efm32_debug.a(tasks.o)
                0x0001da24                vTaskSuspendAll
 .text.xTaskResumeAll
                0x0001da48      0x198 ./../Libraries/FreeRTOS/debug/libFreeRTOS_efm32_debug.a(tasks.o)
                0x0001da48                xTaskResumeAll
 .text.xTaskGetTickCount
                0x0001dbe0       0x20 ./../Libraries/FreeRTOS/debug/libFreeRTOS_efm32_debug.a(tasks.o)
                0x0001dbe0                xTaskGetTickCount
 .text.xTaskIncrementTick
                0x0001dc00      0x204 ./../Libraries/FreeRTOS/debug/libFreeRTOS_efm32_debug.a(tasks.o)
                0x0001dc00                xTaskIncrementTick
 .text.vTaskSwitchContext
                0x0001de04      0x138 ./../Libraries/FreeRTOS/debug/libFreeRTOS_efm32_debug.a(tasks.o)
                0x0001de04                vTaskSwitchContext
 .text.vTaskPlaceOnEventList
                0x0001df3c       0x48 ./../Libraries/FreeRTOS/debug/libFreeRTOS_efm32_debug.a(tasks.o)
                0x0001df3c                vTaskPlaceOnEventList
 .text.vTaskPlaceOnEventListRestricted
                0x0001df84       0x54 ./../Libraries/FreeRTOS/debug/libFreeRTOS_efm32_debug.a(tasks.o)
                0x0001df84                vTaskPlaceOnEventListRestricted
 .text.xTaskRemoveFromEventList
                0x0001dfd8       0xe8 ./../Libraries/FreeRTOS/debug/libFreeRTOS_efm32_debug.a(tasks.o)
                0x0001dfd8                xTaskRemoveFromEventList
 .text.vTaskInternalSetTimeOutState
                0x0001e0c0       0x30 ./../Libraries/FreeRTOS/debug/libFreeRTOS_efm32_debug.a(tasks.o)
                0x0001e0c0                vTaskInternalSetTimeOutState
 .text.xTaskCheckForTimeOut
                0x0001e0f0       0xc8 ./../Libraries/FreeRTOS/debug/libFreeRTOS_efm32_debug.a(tasks.o)
                0x0001e0f0                xTaskCheckForTimeOut
 .text.vTaskMissedYield
                0x0001e1b8       0x18 ./../Libraries/FreeRTOS/debug/libFreeRTOS_efm32_debug.a(tasks.o)
                0x0001e1b8                vTaskMissedYield
 .text.prvIdleTask
                0x0001e1d0       0x14 ./../Libraries/FreeRTOS/debug/libFreeRTOS_efm32_debug.a(tasks.o)
 .text.prvInitialiseTaskLists
                0x0001e1e4       0xa4 ./../Libraries/FreeRTOS/debug/libFreeRTOS_efm32_debug.a(tasks.o)
 .text.prvCheckTasksWaitingTermination
                0x0001e288       0x78 ./../Libraries/FreeRTOS/debug/libFreeRTOS_efm32_debug.a(tasks.o)
 .text.prvDeleteTCB
                0x0001e300       0x20 ./../Libraries/FreeRTOS/debug/libFreeRTOS_efm32_debug.a(tasks.o)
 .text.prvResetNextTaskUnblockTime
                0x0001e320       0x5c ./../Libraries/FreeRTOS/debug/libFreeRTOS_efm32_debug.a(tasks.o)
 .text.xTaskGetSchedulerState
                0x0001e37c       0x48 ./../Libraries/FreeRTOS/debug/libFreeRTOS_efm32_debug.a(tasks.o)
                0x0001e37c                xTaskGetSchedulerState
 .text.xTaskPriorityInherit
                0x0001e3c4      0x170 ./../Libraries/FreeRTOS/debug/libFreeRTOS_efm32_debug.a(tasks.o)
                0x0001e3c4                xTaskPriorityInherit
 .text.xTaskPriorityDisinherit
                0x0001e534      0x13c ./../Libraries/FreeRTOS/debug/libFreeRTOS_efm32_debug.a(tasks.o)
                0x0001e534                xTaskPriorityDisinherit
 .text.vTaskPriorityDisinheritAfterTimeout
                0x0001e670      0x178 ./../Libraries/FreeRTOS/debug/libFreeRTOS_efm32_debug.a(tasks.o)
                0x0001e670                vTaskPriorityDisinheritAfterTimeout
 .text.pvTaskIncrementMutexHeldCount
                0x0001e7e8       0x38 ./../Libraries/FreeRTOS/debug/libFreeRTOS_efm32_debug.a(tasks.o)
                0x0001e7e8                pvTaskIncrementMutexHeldCount
 .text.prvAddCurrentTaskToDelayedList
                0x0001e820      0x110 ./../Libraries/FreeRTOS/debug/libFreeRTOS_efm32_debug.a(tasks.o)
 .text.xTimerCreateTimerTask
                0x0001e930       0x70 ./../Libraries/FreeRTOS/debug/libFreeRTOS_efm32_debug.a(timers.o)
                0x0001e930                xTimerCreateTimerTask
 .text.xTimerCreate
                0x0001e9a0       0x40 ./../Libraries/FreeRTOS/debug/libFreeRTOS_efm32_debug.a(timers.o)
                0x0001e9a0                xTimerCreate
 .text.prvInitialiseNewTimer
                0x0001e9e0       0x60 ./../Libraries/FreeRTOS/debug/libFreeRTOS_efm32_debug.a(timers.o)
 .text.xTimerGenericCommand
                0x0001ea40       0xc0 ./../Libraries/FreeRTOS/debug/libFreeRTOS_efm32_debug.a(timers.o)
                0x0001ea40                xTimerGenericCommand
 .text.prvProcessExpiredTimer
                0x0001eb00       0x88 ./../Libraries/FreeRTOS/debug/libFreeRTOS_efm32_debug.a(timers.o)
 .text.prvTimerTask
                0x0001eb88       0x24 ./../Libraries/FreeRTOS/debug/libFreeRTOS_efm32_debug.a(timers.o)
 .text.prvProcessTimerOrBlockTask
                0x0001ebac       0xa8 ./../Libraries/FreeRTOS/debug/libFreeRTOS_efm32_debug.a(timers.o)
 .text.prvGetNextExpireTime
                0x0001ec54       0x54 ./../Libraries/FreeRTOS/debug/libFreeRTOS_efm32_debug.a(timers.o)
 .text.prvSampleTimeNow
                0x0001eca8       0x4c ./../Libraries/FreeRTOS/debug/libFreeRTOS_efm32_debug.a(timers.o)
 .text.prvInsertTimerInActiveList
                0x0001ecf4       0x94 ./../Libraries/FreeRTOS/debug/libFreeRTOS_efm32_debug.a(timers.o)
 .text.prvProcessReceivedCommands
                0x0001ed88      0x170 ./../Libraries/FreeRTOS/debug/libFreeRTOS_efm32_debug.a(timers.o)
 .text.prvSwitchTimerLists
                0x0001eef8       0xf0 ./../Libraries/FreeRTOS/debug/libFreeRTOS_efm32_debug.a(timers.o)
 .text.prvCheckForValidListAndQueue
                0x0001efe8       0x9c ./../Libraries/FreeRTOS/debug/libFreeRTOS_efm32_debug.a(timers.o)
 .text.xTimerIsTimerActive
                0x0001f084       0x48 ./../Libraries/FreeRTOS/debug/libFreeRTOS_efm32_debug.a(timers.o)
                0x0001f084                xTimerIsTimerActive
 .text.xTimerPendFunctionCallFromISR
                0x0001f0cc       0x4c ./../Libraries/FreeRTOS/debug/libFreeRTOS_efm32_debug.a(timers.o)
                0x0001f0cc                xTimerPendFunctionCallFromISR
 .text.pvPortMalloc
                0x0001f118      0x1e0 ./../Libraries/FreeRTOS/debug/libFreeRTOS_efm32_debug.a(heap_4.o)
                0x0001f118                pvPortMalloc
 .text.vPortFree
                0x0001f2f8       0xcc ./../Libraries/FreeRTOS/debug/libFreeRTOS_efm32_debug.a(heap_4.o)
                0x0001f2f8                vPortFree
 .text.prvHeapInit
                0x0001f3c4       0xfc ./../Libraries/FreeRTOS/debug/libFreeRTOS_efm32_debug.a(heap_4.o)
 .text.prvInsertBlockIntoFreeList
                0x0001f4c0       0xbc ./../Libraries/FreeRTOS/debug/libFreeRTOS_efm32_debug.a(heap_4.o)
 .text.pxPortInitialiseStack
                0x0001f57c       0x68 ./../Libraries/FreeRTOS/debug/libFreeRTOS_efm32_debug.a(port.o)
                0x0001f57c                pxPortInitialiseStack
 .text.prvTaskExitError
                0x0001f5e4       0x50 ./../Libraries/FreeRTOS/debug/libFreeRTOS_efm32_debug.a(port.o)
 *fill*         0x0001f634        0xc 00
 .text.SVC_Handler
                0x0001f640       0x30 ./../Libraries/FreeRTOS/debug/libFreeRTOS_efm32_debug.a(port.o)
                0x0001f640                SVC_Handler
 .text.prvPortStartFirstTask
                0x0001f670       0x20 ./../Libraries/FreeRTOS/debug/libFreeRTOS_efm32_debug.a(port.o)
 .text.xPortStartScheduler
                0x0001f690      0x110 ./../Libraries/FreeRTOS/debug/libFreeRTOS_efm32_debug.a(port.o)
                0x0001f690                xPortStartScheduler
 .text.vPortEnterCritical
                0x0001f7a0       0x68 ./../Libraries/FreeRTOS/debug/libFreeRTOS_efm32_debug.a(port.o)
                0x0001f7a0                vPortEnterCritical
 .text.vPortExitCritical
                0x0001f808       0x60 ./../Libraries/FreeRTOS/debug/libFreeRTOS_efm32_debug.a(port.o)
                0x0001f808                vPortExitCritical
 *fill*         0x0001f868        0x8 00
 .text.PendSV_Handler
                0x0001f870       0x50 ./../Libraries/FreeRTOS/debug/libFreeRTOS_efm32_debug.a(port.o)
                0x0001f870                PendSV_Handler
 .text.xPortSysTickHandler
                0x0001f8c0       0x44 ./../Libraries/FreeRTOS/debug/libFreeRTOS_efm32_debug.a(port.o)
                0x0001f8c0                xPortSysTickHandler
 .text.vPortSetupTimerInterrupt
                0x0001f904       0x44 ./../Libraries/FreeRTOS/debug/libFreeRTOS_efm32_debug.a(port.o)
                0x0001f904                vPortSetupTimerInterrupt
 .text.vPortValidateInterruptPriority
                0x0001f948       0x78 ./../Libraries/FreeRTOS/debug/libFreeRTOS_efm32_debug.a(port.o)
                0x0001f948                vPortValidateInterruptPriority
 .text.vListInitialise
                0x0001f9c0       0x40 ./../Libraries/FreeRTOS/debug/libFreeRTOS_efm32_debug.a(list.o)
                0x0001f9c0                vListInitialise
 .text.vListInitialiseItem
                0x0001fa00       0x1c ./../Libraries/FreeRTOS/debug/libFreeRTOS_efm32_debug.a(list.o)
                0x0001fa00                vListInitialiseItem
 .text.vListInsertEnd
                0x0001fa1c       0x48 ./../Libraries/FreeRTOS/debug/libFreeRTOS_efm32_debug.a(list.o)
                0x0001fa1c                vListInsertEnd
 .text.vListInsert
                0x0001fa64       0x74 ./../Libraries/FreeRTOS/debug/libFreeRTOS_efm32_debug.a(list.o)
                0x0001fa64                vListInsert
 .text.uxListRemove
                0x0001fad8       0x58 ./../Libraries/FreeRTOS/debug/libFreeRTOS_efm32_debug.a(list.o)
                0x0001fad8                uxListRemove
 .text.BITBAND_Peripheral
                0x0001fb30       0x30 ./../Libraries/EMlib/debug/libEMLib_efm32_debug.a(em_cmu.o)
 .text.CMU_MaxFreqHfle
                0x0001fb60       0xb8 ./../Libraries/EMlib/debug/libEMLib_efm32_debug.a(em_cmu.o)
 .text.CMU_FlashWaitStateMax
                0x0001fc18       0x68 ./../Libraries/EMlib/debug/libEMLib_efm32_debug.a(em_cmu.o)
 .text.CMU_DivToLog2
                0x0001fc80       0x38 ./../Libraries/EMlib/debug/libEMLib_efm32_debug.a(em_cmu.o)
 .text.CMU_FlashWaitStateControl
                0x0001fcb8       0xf4 ./../Libraries/EMlib/debug/libEMLib_efm32_debug.a(em_cmu.o)
 .text.CMU_USBCClkGet
                0x0001fdac       0x50 ./../Libraries/EMlib/debug/libEMLib_efm32_debug.a(em_cmu.o)
 .text.CMU_AUXClkGet
                0x0001fdfc       0x9c ./../Libraries/EMlib/debug/libEMLib_efm32_debug.a(em_cmu.o)
 .text.CMU_DBGClkGet
                0x0001fe98       0x64 ./../Libraries/EMlib/debug/libEMLib_efm32_debug.a(em_cmu.o)
 .text.CMU_LFClkGet
                0x0001fefc       0xd4 ./../Libraries/EMlib/debug/libEMLib_efm32_debug.a(em_cmu.o)
 .text.CMU_Sync
                0x0001ffd0       0x3c ./../Libraries/EMlib/debug/libEMLib_efm32_debug.a(em_cmu.o)
 .text.CMU_ClockDivSet
                0x0002000c      0x298 ./../Libraries/EMlib/debug/libEMLib_efm32_debug.a(em_cmu.o)
                0x0002000c                CMU_ClockDivSet
 .text.CMU_ClockEnable
                0x000202a4      0x10c ./../Libraries/EMlib/debug/libEMLib_efm32_debug.a(em_cmu.o)
                0x000202a4                CMU_ClockEnable
 .text.CMU_ClockFreqGet
                0x000203b0      0x1e8 ./../Libraries/EMlib/debug/libEMLib_efm32_debug.a(em_cmu.o)
                0x000203b0                CMU_ClockFreqGet
 .text.CMU_ClockSelectGet
                0x00020598      0x1a4 ./../Libraries/EMlib/debug/libEMLib_efm32_debug.a(em_cmu.o)
                0x00020598                CMU_ClockSelectGet
 .text.CMU_ClockSelectSet
                0x0002073c      0x38c ./../Libraries/EMlib/debug/libEMLib_efm32_debug.a(em_cmu.o)
                0x0002073c                CMU_ClockSelectSet
 .text.CMU_OscillatorEnable
                0x00020ac8       0xe8 ./../Libraries/EMlib/debug/libEMLib_efm32_debug.a(em_cmu.o)
                0x00020ac8                CMU_OscillatorEnable
 .text.SYSTEM_ChipRevisionGet
                0x00020bb0       0x94 ./../Libraries/EMlib/debug/libEMLib_efm32_debug.a(em_system.o)
                0x00020bb0                SYSTEM_ChipRevisionGet
 .text.NVIC_DisableIRQ
                0x00020c44       0x3c ./../Libraries/EMlib/debug/libEMLib_efm32_debug.a(em_dma.o)
 .text.BITBAND_Peripheral
                0x00020c80       0x30 ./../Libraries/EMlib/debug/libEMLib_efm32_debug.a(em_dma.o)
 .text.DMA_Prepare
                0x00020cb0      0x138 ./../Libraries/EMlib/debug/libEMLib_efm32_debug.a(em_dma.o)
 .text.DMA_IRQHandler
                0x00020de8      0x110 ./../Libraries/EMlib/debug/libEMLib_efm32_debug.a(em_dma.o)
                0x00020de8                DMA_IRQHandler
 .text.DMA_ActivateBasic
                0x00020ef8       0x48 ./../Libraries/EMlib/debug/libEMLib_efm32_debug.a(em_dma.o)
                0x00020ef8                DMA_ActivateBasic
 .text.DMA_ActivatePingPong
                0x00020f40       0x64 ./../Libraries/EMlib/debug/libEMLib_efm32_debug.a(em_dma.o)
                0x00020f40                DMA_ActivatePingPong
 .text.DMA_CfgChannel
                0x00020fa4       0xc0 ./../Libraries/EMlib/debug/libEMLib_efm32_debug.a(em_dma.o)
                0x00020fa4                DMA_CfgChannel
 .text.DMA_CfgDescr
                0x00021064       0x84 ./../Libraries/EMlib/debug/libEMLib_efm32_debug.a(em_dma.o)
                0x00021064                DMA_CfgDescr
 .text.DMA_ChannelEnable
                0x000210e8       0x48 ./../Libraries/EMlib/debug/libEMLib_efm32_debug.a(em_dma.o)
                0x000210e8                DMA_ChannelEnable
 .text.DMA_ChannelEnabled
                0x00021130       0x34 ./../Libraries/EMlib/debug/libEMLib_efm32_debug.a(em_dma.o)
                0x00021130                DMA_ChannelEnabled
 .text.DMA_RefreshPingPong
                0x00021164      0x120 ./../Libraries/EMlib/debug/libEMLib_efm32_debug.a(em_dma.o)
                0x00021164                DMA_RefreshPingPong
 .text.DMA_Reset
                0x00021284       0xd4 ./../Libraries/EMlib/debug/libEMLib_efm32_debug.a(em_dma.o)